Component: Arm Compiler for Embedded 6.19 Tool: armlink [5e73cb00]

==============================================================================

Section Cross References

    main.o(.ARM.exidx.text.up) refers to main.o(.text.up) for [Anonymous Symbol]
    main.o(.ARM.exidx.text.down) refers to main.o(.text.down) for [Anonymous Symbol]
    main.o(.ARM.exidx.text.stop) refers to main.o(.text.stop) for [Anonymous Symbol]
    main.o(.text.readDriver) refers to main.o(.bss.automatic) for automatic
    main.o(.text.readDriver) refers to tasks.o(.text.vTaskDelay) for vTaskDelay
    main.o(.text.readDriver) refers to main.o(.bss.xQueue) for xQueue
    main.o(.text.readDriver) refers to queue.o(.text.xQueueGenericSend) for xQueueGenericSend
    main.o(.ARM.exidx.text.readDriver) refers to main.o(.text.readDriver) for [Anonymous Symbol]
    main.o(.text.driver) refers to main.o(.bss.xQueue) for xQueue
    main.o(.text.driver) refers to queue.o(.text.xQueueReceive) for xQueueReceive
    main.o(.text.driver) refers to main.o(.bss.xMutex) for xMutex
    main.o(.text.driver) refers to queue.o(.text.xQueueSemaphoreTake) for xQueueSemaphoreTake
    main.o(.text.driver) refers to main.o(.text.up) for up
    main.o(.text.driver) refers to main.o(.bss.xStopSemaphore) for xStopSemaphore
    main.o(.text.driver) refers to main.o(.text.stop) for stop
    main.o(.text.driver) refers to main.o(.text.down) for down
    main.o(.text.driver) refers to queue.o(.text.xQueueGenericSend) for xQueueGenericSend
    main.o(.ARM.exidx.text.driver) refers to main.o(.text.driver) for [Anonymous Symbol]
    main.o(.text.passenger) refers to main.o(.bss.xQueueP) for xQueueP
    main.o(.text.passenger) refers to queue.o(.text.xQueueReceive) for xQueueReceive
    main.o(.text.passenger) refers to main.o(.bss.xMutex) for xMutex
    main.o(.text.passenger) refers to queue.o(.text.xQueueSemaphoreTake) for xQueueSemaphoreTake
    main.o(.text.passenger) refers to main.o(.text.up) for up
    main.o(.text.passenger) refers to main.o(.bss.xStopSemaphore) for xStopSemaphore
    main.o(.text.passenger) refers to main.o(.text.stop) for stop
    main.o(.text.passenger) refers to main.o(.text.down) for down
    main.o(.text.passenger) refers to queue.o(.text.xQueueGenericSend) for xQueueGenericSend
    main.o(.ARM.exidx.text.passenger) refers to main.o(.text.passenger) for [Anonymous Symbol]
    main.o(.text.readPassenger) refers to main.o(.bss.child) for child
    main.o(.text.readPassenger) refers to main.o(.bss.automatic) for automatic
    main.o(.text.readPassenger) refers to tasks.o(.text.vTaskDelay) for vTaskDelay
    main.o(.text.readPassenger) refers to main.o(.bss.xQueueP) for xQueueP
    main.o(.text.readPassenger) refers to queue.o(.text.xQueueGenericSend) for xQueueGenericSend
    main.o(.ARM.exidx.text.readPassenger) refers to main.o(.text.readPassenger) for [Anonymous Symbol]
    main.o(.text.GPIOA_Handler) refers to main.o(.bss.xStopSemaphore) for xStopSemaphore
    main.o(.text.GPIOA_Handler) refers to queue.o(.text.xQueueGiveFromISR) for xQueueGiveFromISR
    main.o(.ARM.exidx.text.GPIOA_Handler) refers to main.o(.text.GPIOA_Handler) for [Anonymous Symbol]
    main.o(.text.GPIOD_Handler) refers to main.o(.bss.child) for child
    main.o(.ARM.exidx.text.GPIOD_Handler) refers to main.o(.text.GPIOD_Handler) for [Anonymous Symbol]
    main.o(.text.GPIOB_Handler) refers to main.o(.bss.automatic) for automatic
    main.o(.text.GPIOB_Handler) refers to main.o(.bss.xStopSemaphore) for xStopSemaphore
    main.o(.text.GPIOB_Handler) refers to queue.o(.text.xQueueGiveFromISR) for xQueueGiveFromISR
    main.o(.text.GPIOB_Handler) refers to main.o(.text.stop) for stop
    main.o(.ARM.exidx.text.GPIOB_Handler) refers to main.o(.text.GPIOB_Handler) for [Anonymous Symbol]
    main.o(.text.main) refers to init.o(.text.PortA_Init) for PortA_Init
    main.o(.text.main) refers to init.o(.text.PortE_Init) for PortE_Init
    main.o(.text.main) refers to init.o(.text.PortF_Init) for PortF_Init
    main.o(.text.main) refers to init.o(.text.PortD_Init) for PortD_Init
    main.o(.text.main) refers to init.o(.text.PortB_Init) for PortB_Init
    main.o(.text.main) refers to queue.o(.text.xQueueGenericCreate) for xQueueGenericCreate
    main.o(.text.main) refers to main.o(.bss.xBinarySemaphore) for xBinarySemaphore
    main.o(.text.main) refers to queue.o(.text.xQueueCreateMutex) for xQueueCreateMutex
    main.o(.text.main) refers to main.o(.bss.xMutex) for xMutex
    main.o(.text.main) refers to main.o(.bss.xStopSemaphore) for xStopSemaphore
    main.o(.text.main) refers to main.o(.bss.xQueue) for xQueue
    main.o(.text.main) refers to main.o(.bss.xQueueP) for xQueueP
    main.o(.text.main) refers to main.o(.text.readDriver) for readDriver
    main.o(.text.main) refers to main.o(.rodata.str1.1) for .L.str
    main.o(.text.main) refers to tasks.o(.text.xTaskCreate) for xTaskCreate
    main.o(.text.main) refers to main.o(.text.readPassenger) for readPassenger
[...]
    ../clib/angel/sysapp.c                   0x00000000   Number         0  sys_wrch_hlt.o ABSOLUTE
    ../clib/armsys.c                         0x00000000   Number         0  argv_veneer.o ABSOLUTE
    ../clib/armsys.c                         0x00000000   Number         0  argv_veneer.o ABSOLUTE
    ../clib/armsys.c                         0x00000000   Number         0  _get_argv_nomalloc.o ABSOLUTE
    ../clib/armsys.c                         0x00000000   Number         0  no_argv.o ABSOLUTE
    ../clib/heapalloc.c                      0x00000000   Number         0  hrguard.o ABSOLUTE
    ../clib/heapaux.c                        0x00000000   Number         0  heapauxi.o ABSOLUTE
    ../clib/libinit.s                        0x00000000   Number         0  libinit.o ABSOLUTE
    ../clib/libinit.s                        0x00000000   Number         0  libinit2.o ABSOLUTE
    ../clib/libinit.s                        0x00000000   Number         0  libshutdown.o ABSOLUTE
    ../clib/libinit.s                        0x00000000   Number         0  libshutdown2.o ABSOLUTE
    ../clib/memcpset.s                       0x00000000   Number         0  rt_memcpy_v6.o ABSOLUTE
    ../clib/memcpset.s                       0x00000000   Number         0  rt_memclr.o ABSOLUTE
    ../clib/memcpset.s                       0x00000000   Number         0  rt_memcpy_w.o ABSOLUTE
    ../clib/memcpset.s                       0x00000000   Number         0  rt_memclr_w.o ABSOLUTE
    ../clib/signal.c                         0x00000000   Number         0  defsig_rtmem_outer.o ABSOLUTE
    ../clib/signal.c                         0x00000000   Number         0  defsig_rtmem_formal.o ABSOLUTE
    ../clib/signal.c                         0x00000000   Number         0  defsig_exit.o ABSOLUTE
    ../clib/signal.c                         0x00000000   Number         0  defsig_rtmem_inner.o ABSOLUTE
    ../clib/signal.c                         0x00000000   Number         0  __raise.o ABSOLUTE
    ../clib/signal.c                         0x00000000   Number         0  defsig_general.o ABSOLUTE
    ../clib/signal.c                         0x00000000   Number         0  defsig_abrt_inner.o ABSOLUTE
    ../clib/signal.c                         0x00000000   Number         0  defsig_fpe_inner.o ABSOLUTE
    ../clib/signal.c                         0x00000000   Number         0  defsig_rtred_inner.o ABSOLUTE
    ../clib/signal.c                         0x00000000   Number         0  defsig_stak_inner.o ABSOLUTE
    ../clib/signal.c                         0x00000000   Number         0  defsig_pvfn_inner.o ABSOLUTE
    ../clib/signal.c                         0x00000000   Number         0  defsig_cppl_inner.o ABSOLUTE
    ../clib/signal.c                         0x00000000   Number         0  defsig_segv_inner.o ABSOLUTE
    ../clib/signal.c                         0x00000000   Number         0  defsig_other.o ABSOLUTE
    ../clib/signal.s                         0x00000000   Number         0  defsig.o ABSOLUTE
    ../clib/stdlib.c                         0x00000000   Number         0  exit.o ABSOLUTE
    ../fplib/fpinit.s                        0x00000000   Number         0  fpinit.o ABSOLUTE
    RTE/Device/TM4C123GH6PM/startup_TM4C123.s 0x00000000   Number         0  startup_tm4c123.o ABSOLUTE
    dc.s                                     0x00000000   Number         0  dc.o ABSOLUTE
    freertos_evr.c                           0x00000000   Number         0  freertos_evr.o ABSOLUTE
    heap_1.c                                 0x00000000   Number         0  heap_1.o ABSOLUTE
    init.c                                   0x00000000   Number         0  init.o ABSOLUTE
    list.c                                   0x00000000   Number         0  list.o ABSOLUTE
    main.c                                   0x00000000   Number         0  main.o ABSOLUTE
    port.c                                   0x00000000   Number         0  port.o ABSOLUTE
    queue.c                                  0x00000000   Number         0  queue.o ABSOLUTE
    system_TM4C123.c                         0x00000000   Number         0  system_tm4c123.o ABSOLUTE
    tasks.c                                  0x00000000   Number         0  tasks.o ABSOLUTE
    timers.c                                 0x00000000   Number         0  timers.o ABSOLUTE
    RESET                                    0x00000000   Section      620  startup_tm4c123.o(RESET)
    !!!main                                  0x0000026c   Section        8  __main.o(!!!main)
    !!!scatter                               0x00000274   Section       52  __scatter.o(!!!scatter)
    !!handler_copy                           0x000002a8   Section       26  __scatter_copy.o(!!handler_copy)
    !!handler_zi                             0x000002c4   Section       28  __scatter_zi.o(!!handler_zi)
    .ARM.Collect$$libinit$$00000000          0x000002e0   Section        2  libinit.o(.ARM.Collect$$libinit$$00000000)
    .ARM.Collect$$libinit$$00000001          0x000002e2   Section        4  libinit2.o(.ARM.Collect$$libinit$$00000001)
    .ARM.Collect$$libinit$$00000004          0x000002e6   Section        0  libinit2.o(.ARM.Collect$$libinit$$00000004)
    .ARM.Collect$$libinit$$00000006          0x000002e6   Section        0  libinit2.o(.ARM.Collect$$libinit$$00000006)
    .ARM.Collect$$libinit$$0000000C          0x000002e6   Section        0  libinit2.o(.ARM.Collect$$libinit$$0000000C)
    .ARM.Collect$$libinit$$0000000E          0x000002e6   Section        0  libinit2.o(.ARM.Collect$$libinit$$0000000E)
    .ARM.Collect$$libinit$$00000010          0x000002e6   Section        0  libinit2.o(.ARM.Collect$$libinit$$00000010)
    .ARM.Collect$$libinit$$00000013          0x000002e6   Section        0  libinit2.o(.ARM.Collect$$libinit$$00000013)
    .ARM.Collect$$libinit$$00000015          0x000002e6   Section        0  libinit2.o(.ARM.Collect$$libinit$$00000015)
    .ARM.Collect$$libinit$$00000017          0x000002e6   Section        0  libinit2.o(.ARM.Collect$$libinit$$00000017)
    .ARM.Collect$$libinit$$00000019          0x000002e6   Section        0  libinit2.o(.ARM.Collect$$libinit$$00000019)
    .ARM.Collect$$libinit$$0000001B          0x000002e6   Section        0  libinit2.o(.ARM.Collect$$libinit$$0000001B)
    .ARM.Collect$$libinit$$0000001D          0x000002e6   Section        0  libinit2.o(.ARM.Collect$$libinit$$0000001D)
    .ARM.Collect$$libinit$$0000001F          0x000002e6   Section        0  libinit2.o(.ARM.Collect$$libinit$$0000001F)
    .ARM.Collect$$libinit$$00000021          0x000002e6   Section        0  libinit2.o(.ARM.Collect$$libinit$$00000021)
    .ARM.Collect$$libinit$$00000023          0x000002e6   Section        0  libinit2.o(.ARM.Collect$$libinit$$00000023)
    .ARM.Collect$$libinit$$00000025          0x000002e6   Section        0  libinit2.o(.ARM.Collect$$libinit$$00000025)
    .ARM.Collect$$libinit$$00000027          0x000002e6   Section        0  libinit2.o(.ARM.Collect$$libinit$$00000027)
    .ARM.Collect$$libinit$$0000002E          0x000002e6   Section        0  libinit2.o(.ARM.Collect$$libinit$$0000002E)
    .ARM.Collect$$libinit$$00000030          0x000002e6   Section        0  libinit2.o(.ARM.Collect$$libinit$$00000030)
    .ARM.Collect$$libinit$$00000032          0x000002e6   Section        0  libinit2.o(.ARM.Collect$$libinit$$00000032)
    .ARM.Collect$$libinit$$00000034          0x000002e6   Section        0  libinit2.o(.ARM.Collect$$libinit$$00000034)
    .ARM.Collect$$libinit$$00000035          0x000002e6   Section        2  libinit2.o(.ARM.Collect$$libinit$$00000035)
    .ARM.Collect$$libshutdown$$00000000      0x000002e8   Section        2  libshutdown.o(.ARM.Collect$$libshutdown$$00000000)
    .ARM.Collect$$libshutdown$$00000002      0x000002ea   Section        0  libshutdown2.o(.ARM.Collect$$libshutdown$$00000002)
    .ARM.Collect$$libshutdown$$00000004      0x000002ea   Section        0  libshutdown2.o(.ARM.Collect$$libshutdown$$00000004)
    .ARM.Collect$$libshutdown$$00000007      0x000002ea   Section        0  libshutdown2.o(.ARM.Collect$$libshutdown$$00000007)
    .ARM.Collect$$libshutdown$$0000000A      0x000002ea   Section        0  libshutdown2.o(.ARM.Collect$$libshutdown$$0000000A)
    .ARM.Collect$$libshutdown$$0000000C      0x000002ea   Section        0  libshutdown2.o(.ARM.Collect$$libshutdown$$0000000C)
    .ARM.Collect$$libshutdown$$0000000F      0x000002ea   Section        0  libshutdown2.o(.ARM.Collect$$libshutdown$$0000000F)
    .ARM.Collect$$libshutdown$$00000010      0x000002ea   Section        2  libshutdown2.o(.ARM.Collect$$libshutdown$$00000010)
    .ARM.Collect$$rtentry$$00000000          0x000002ec   Section        0  __rtentry.o(.ARM.Collect$$rtentry$$00000000)
    .ARM.Collect$$rtentry$$00000002          0x000002ec   Section        0  __rtentry2.o(.ARM.Collect$$rtentry$$00000002)
    .ARM.Collect$$rtentry$$00000004          0x000002ec   Section        6  __rtentry4.o(.ARM.Collect$$rtentry$$00000004)
    .ARM.Collect$$rtentry$$00000009          0x000002f2   Section        0  __rtentry2.o(.ARM.Collect$$rtentry$$00000009)
    .ARM.Collect$$rtentry$$0000000A          0x000002f2   Section        4  __rtentry2.o(.ARM.Collect$$rtentry$$0000000A)
    .ARM.Collect$$rtentry$$0000000C          0x000002f6   Section        0  __rtentry2.o(.ARM.Collect$$rtentry$$0000000C)
    .ARM.Collect$$rtentry$$0000000D          0x000002f6   Section        8  __rtentry2.o(.ARM.Collect$$rtentry$$0000000D)
    .ARM.Collect$$rtexit$$00000000           0x000002fe   Section        2  rtexit.o(.ARM.Collect$$rtexit$$00000000)
    .ARM.Collect$$rtexit$$00000002           0x00000300   Section        0  rtexit2.o(.ARM.Collect$$rtexit$$00000002)
    .ARM.Collect$$rtexit$$00000003           0x00000300   Section        4  rtexit2.o(.ARM.Collect$$rtexit$$00000003)
    .ARM.Collect$$rtexit$$00000004           0x00000304   Section        6  rtexit2.o(.ARM.Collect$$rtexit$$00000004)
    $v0                                      0x0000030c   Number         0  startup_tm4c123.o(.text)
    .text                                    0x0000030c   Section      276  startup_tm4c123.o(.text)
    .text                                    0x00000420   Section      138  rt_memcpy_v6.o(.text)
    .text                                    0x000004aa   Section       68  rt_memclr.o(.text)
    .text                                    0x000004ee   Section        0  heapauxi.o(.text)
    .text                                    0x000004f4   Section      100  rt_memcpy_w.o(.text)
    .text                                    0x00000558   Section       78  rt_memclr_w.o(.text)
    .text                                    0x000005a6   Section       74  sys_stackheap_outer.o(.text)
    .text                                    0x000005f0   Section        0  exit.o(.text)
    .text                                    0x00000604   Section        8  libspace.o(.text)
    .text                                    0x0000060c   Section        0  sys_exit.o(.text)
    .text                                    0x00000618   Section        2  use_no_semi.o(.text)
    .text                                    0x0000061a   Section        0  indicate_semi.o(.text)
    [Anonymous Symbol]                       0x0000061c   Section        0  main.o(.text.GPIOA_Handler)
    [Anonymous Symbol]                       0x000006a0   Section        0  main.o(.text.GPIOB_Handler)
    [Anonymous Symbol]                       0x000006f4   Section        0  main.o(.text.GPIOD_Handler)
    [Anonymous Symbol]                       0x00000760   Section        0  port.o(.text.PendSV_Handler)
    pxCurrentTCBConst                        0x000007c0   Number         0  port.o(.text.PendSV_Handler)
    [Anonymous Symbol]                       0x000007c4   Section        0  init.o(.text.PortA_Init)
    [Anonymous Symbol]                       0x00000870   Section        0  init.o(.text.PortB_Init)
    [Anonymous Symbol]                       0x00000910   Section        0  init.o(.text.PortD_Init)
    [Anonymous Symbol]                       0x000009a0   Section        0  init.o(.text.PortE_Init)
    [Anonymous Symbol]                       0x000009ec   Section        0  init.o(.text.PortF_Init)
    [Anonymous Symbol]                       0x00000a90   Section        0  port.o(.text.SVC_Handler)
    pxCurrentTCBConst2                       0x00000ab0   Number         0  port.o(.text.SVC_Handler)
    [Anonymous Symbol]                       0x00000ab4   Section        0  port.o(.text.SysTick_Handler)
    [Anonymous Symbol]                       0x00000af0   Section        0  system_tm4c123.o(.text.SystemInit)
    __NVIC_EnableIRQ                         0x00000b05   Thumb Code    48  init.o(.text.__NVIC_EnableIRQ)
    [Anonymous Symbol]                       0x00000b04   Section        0  init.o(.text.__NVIC_EnableIRQ)
    [Anonymous Symbol]                       0x00000b34   Section        0  main.o(.text.down)
    [Anonymous Symbol]                       0x00000b44   Section        0  main.o(.text.driver)
    [Anonymous Symbol]                       0x00000c40   Section        0  main.o(.text.main)
    [Anonymous Symbol]                       0x00000d60   Section        0  main.o(.text.passenger)
    prvAddCurrentTaskToDelayedList           0x00000e61   Thumb Code   282  tasks.o(.text.prvAddCurrentTaskToDelayedList)
    [Anonymous Symbol]                       0x00000e60   Section        0  tasks.o(.text.prvAddCurrentTaskToDelayedList)
    prvAddNewTaskToReadyList                 0x00000f7d   Thumb Code   334  tasks.o(.text.prvAddNewTaskToReadyList)
    [Anonymous Symbol]                       0x00000f7c   Section        0  tasks.o(.text.prvAddNewTaskToReadyList)
    prvCheckForValidListAndQueue             0x000010cd   Thumb Code   106  timers.o(.text.prvCheckForValidListAndQueue)
    [Anonymous Symbol]                       0x000010cc   Section        0  timers.o(.text.prvCheckForValidListAndQueue)
    prvCheckTasksWaitingTermination          0x00001139   Thumb Code    90  tasks.o(.text.prvCheckTasksWaitingTermination)
    [Anonymous Symbol]                       0x00001138   Section        0  tasks.o(.text.prvCheckTasksWaitingTermination)
    prvCopyDataFromQueue                     0x00001195   Thumb Code    66  queue.o(.text.prvCopyDataFromQueue)
    [Anonymous Symbol]                       0x00001194   Section        0  queue.o(.text.prvCopyDataFromQueue)
    prvCopyDataToQueue                       0x000011d9   Thumb Code   204  queue.o(.text.prvCopyDataToQueue)
    [Anonymous Symbol]                       0x000011d8   Section        0  queue.o(.text.prvCopyDataToQueue)
    prvDeleteTCB                             0x000012a5   Thumb Code    24  tasks.o(.text.prvDeleteTCB)
    [Anonymous Symbol]                       0x000012a4   Section        0  tasks.o(.text.prvDeleteTCB)
    prvGetDisinheritPriorityAfterTimeout     0x000012bd   Thumb Code    38  queue.o(.text.prvGetDisinheritPriorityAfterTimeout)
    [Anonymous Symbol]                       0x000012bc   Section        0  queue.o(.text.prvGetDisinheritPriorityAfterTimeout)
    prvGetNextExpireTime                     0x000012e5   Thumb Code    64  timers.o(.text.prvGetNextExpireTime)
    [Anonymous Symbol]                       0x000012e4   Section        0  timers.o(.text.prvGetNextExpireTime)
    prvIdleTask                              0x00001325   Thumb Code    56  tasks.o(.text.prvIdleTask)
    [Anonymous Symbol]                       0x00001324   Section        0  tasks.o(.text.prvIdleTask)
    prvInitialiseMutex                       0x0000135d   Thumb Code    44  queue.o(.text.prvInitialiseMutex)
    [Anonymous Symbol]                       0x0000135c   Section        0  queue.o(.text.prvInitialiseMutex)
    prvInitialiseNewQueue                    0x00001389   Thumb Code    68  queue.o(.text.prvInitialiseNewQueue)
    [Anonymous Symbol]                       0x00001388   Section        0  queue.o(.text.prvInitialiseNewQueue)
    prvInitialiseNewTask                     0x000013cd   Thumb Code   278  tasks.o(.text.prvInitialiseNewTask)
    [Anonymous Symbol]                       0x000013cc   Section        0  tasks.o(.text.prvInitialiseNewTask)
    prvInitialiseTaskLists                   0x000014e5   Thumb Code   142  tasks.o(.text.prvInitialiseTaskLists)
    [Anonymous Symbol]                       0x000014e4   Section        0  tasks.o(.text.prvInitialiseTaskLists)
    prvInsertTimerInActiveList               0x00001575   Thumb Code   134  timers.o(.text.prvInsertTimerInActiveList)
    [Anonymous Symbol]                       0x00001574   Section        0  timers.o(.text.prvInsertTimerInActiveList)
    prvIsQueueEmpty                          0x000015fd   Thumb Code    40  queue.o(.text.prvIsQueueEmpty)
    [Anonymous Symbol]                       0x000015fc   Section        0  queue.o(.text.prvIsQueueEmpty)
    prvIsQueueFull                           0x00001625   Thumb Code    46  queue.o(.text.prvIsQueueFull)
    [Anonymous Symbol]                       0x00001624   Section        0  queue.o(.text.prvIsQueueFull)
    prvNotifyQueueSetContainer               0x00001655   Thumb Code   236  queue.o(.text.prvNotifyQueueSetContainer)
    [Anonymous Symbol]                       0x00001654   Section        0  queue.o(.text.prvNotifyQueueSetContainer)
    prvPortStartFirstTask                    0x00001741   Thumb Code    40  port.o(.text.prvPortStartFirstTask)
    [Anonymous Symbol]                       0x00001740   Section        0  port.o(.text.prvPortStartFirstTask)
    prvProcessExpiredTimer                   0x00001769   Thumb Code    84  timers.o(.text.prvProcessExpiredTimer)
    [Anonymous Symbol]                       0x00001768   Section        0  timers.o(.text.prvProcessExpiredTimer)
    prvProcessReceivedCommands               0x000017bd   Thumb Code   326  timers.o(.text.prvProcessReceivedCommands)
    [Anonymous Symbol]                       0x000017bc   Section        0  timers.o(.text.prvProcessReceivedCommands)
    prvProcessTimerOrBlockTask               0x00001905   Thumb Code   154  timers.o(.text.prvProcessTimerOrBlockTask)
    [Anonymous Symbol]                       0x00001904   Section        0  timers.o(.text.prvProcessTimerOrBlockTask)
    prvReloadTimer                           0x000019a1   Thumb Code    52  timers.o(.text.prvReloadTimer)
    [Anonymous Symbol]                       0x000019a0   Section        0  timers.o(.text.prvReloadTimer)
    prvResetNextTaskUnblockTime              0x000019d5   Thumb Code    60  tasks.o(.text.prvResetNextTaskUnblockTime)
    [Anonymous Symbol]                       0x000019d4   Section        0  tasks.o(.text.prvResetNextTaskUnblockTime)
    prvSampleTimeNow                         0x00001a11   Thumb Code    68  timers.o(.text.prvSampleTimeNow)
    [Anonymous Symbol]                       0x00001a10   Section        0  timers.o(.text.prvSampleTimeNow)
    prvSwitchTimerLists                      0x00001a55   Thumb Code    82  timers.o(.text.prvSwitchTimerLists)
    [Anonymous Symbol]                       0x00001a54   Section        0  timers.o(.text.prvSwitchTimerLists)
    prvTaskExitError                         0x00001aa9   Thumb Code    76  port.o(.text.prvTaskExitError)
    [Anonymous Symbol]                       0x00001aa8   Section        0  port.o(.text.prvTaskExitError)
    prvTimerTask                             0x00001af5   Thumb Code    30  timers.o(.text.prvTimerTask)
    [Anonymous Symbol]                       0x00001af4   Section        0  timers.o(.text.prvTimerTask)
    prvUnlockQueue                           0x00001b15   Thumb Code   204  queue.o(.text.prvUnlockQueue)
    [Anonymous Symbol]                       0x00001b14   Section        0  queue.o(.text.prvUnlockQueue)
    [Anonymous Symbol]                       0x00001be0   Section        0  heap_1.o(.text.pvPortMalloc)
    [Anonymous Symbol]                       0x00001ca0   Section        0  tasks.o(.text.pvTaskIncrementMutexHeldCount)
    [Anonymous Symbol]                       0x00001ccc   Section        0  port.o(.text.pxPortInitialiseStack)
    [Anonymous Symbol]                       0x00001d2c   Section        0  main.o(.text.readDriver)
    [Anonymous Symbol]                       0x00001df4   Section        0  main.o(.text.readPassenger)
    [Anonymous Symbol]                       0x00001ee4   Section        0  main.o(.text.stop)
    [Anonymous Symbol]                       0x00001ef4   Section        0  main.o(.text.up)
    [Anonymous Symbol]                       0x00001f04   Section        0  list.o(.text.uxListRemove)
    [Anonymous Symbol]                       0x00001f4c   Section        0  tasks.o(.text.uxTaskGetNumberOfTasks)
    [Anonymous Symbol]                       0x00001f58   Section        0  list.o(.text.vListInitialise)
    [Anonymous Symbol]                       0x00001f88   Section        0  list.o(.text.vListInitialiseItem)
    [Anonymous Symbol]                       0x00001f98   Section        0  list.o(.text.vListInsert)
    vPortEnableVFP                           0x00002005   Thumb Code    20  port.o(.text.vPortEnableVFP)
    [Anonymous Symbol]                       0x00002004   Section        0  port.o(.text.vPortEnableVFP)
    [Anonymous Symbol]                       0x00002018   Section        0  port.o(.text.vPortEnterCritical)
    [Anonymous Symbol]                       0x00002070   Section        0  port.o(.text.vPortExitCritical)
    [Anonymous Symbol]                       0x000020bc   Section        0  heap_1.o(.text.vPortFree)
    [Anonymous Symbol]                       0x000020e0   Section        0  port.o(.text.vPortSetupTimerInterrupt)
    [Anonymous Symbol]                       0x00002114   Section        0  port.o(.text.vPortValidateInterruptPriority)
    [Anonymous Symbol]                       0x00002198   Section        0  queue.o(.text.vQueueWaitForMessageRestricted)
    [Anonymous Symbol]                       0x000021fc   Section        0  tasks.o(.text.vTaskDelay)
    [Anonymous Symbol]                       0x0000226c   Section        0  tasks.o(.text.vTaskInternalSetTimeOutState)
    [Anonymous Symbol]                       0x00002290   Section        0  tasks.o(.text.vTaskMissedYield)
    [Anonymous Symbol]                       0x000022a0   Section        0  tasks.o(.text.vTaskPlaceOnEventList)
    [Anonymous Symbol]                       0x000022e4   Section        0  tasks.o(.text.vTaskPlaceOnEventListRestricted)
    [Anonymous Symbol]                       0x00002360   Section        0  tasks.o(.text.vTaskPriorityDisinheritAfterTimeout)
    [Anonymous Symbol]                       0x000024e4   Section        0  tasks.o(.text.vTaskStartScheduler)
    [Anonymous Symbol]                       0x00002598   Section        0  tasks.o(.text.vTaskSuspendAll)
    __tagsym$$used.0                         0x000025a8   Number         0  tasks.o(.text.vTaskSwitchContext)
    [Anonymous Symbol]                       0x000025a8   Section        0  tasks.o(.text.vTaskSwitchContext)
    [Anonymous Symbol]                       0x00002668   Section        0  port.o(.text.xPortStartScheduler)
    [Anonymous Symbol]                       0x000027e4   Section        0  queue.o(.text.xQueueCreateMutex)
    [Anonymous Symbol]                       0x0000280c   Section        0  queue.o(.text.xQueueGenericCreate)
    [Anonymous Symbol]                       0x000028a8   Section        0  queue.o(.text.xQueueGenericReset)
    [Anonymous Symbol]                       0x000029b0   Section        0  queue.o(.text.xQueueGenericSend)
    [Anonymous Symbol]                       0x00002c24   Section        0  queue.o(.text.xQueueGiveFromISR)
    [Anonymous Symbol]                       0x00002da8   Section        0  queue.o(.text.xQueueReceive)
    [Anonymous Symbol]                       0x00002f84   Section        0  queue.o(.text.xQueueSemaphoreTake)
    [Anonymous Symbol]                       0x00003194   Section        0  tasks.o(.text.xTaskCheckForTimeOut)
    [Anonymous Symbol]                       0x00003268   Section        0  tasks.o(.text.xTaskCreate)
    [Anonymous Symbol]                       0x00003308   Section        0  tasks.o(.text.xTaskGetSchedulerState)
    [Anonymous Symbol]                       0x00003340   Section        0  tasks.o(.text.xTaskGetTickCount)
    [Anonymous Symbol]                       0x00003354   Section        0  tasks.o(.text.xTaskIncrementTick)
    [Anonymous Symbol]                       0x000035b4   Section        0  tasks.o(.text.xTaskPriorityDisinherit)
    [Anonymous Symbol]                       0x000036ec   Section        0  tasks.o(.text.xTaskPriorityInherit)
    [Anonymous Symbol]                       0x00003848   Section        0  tasks.o(.text.xTaskRemoveFromEventList)
    [Anonymous Symbol]                       0x000039d4   Section        0  tasks.o(.text.xTaskResumeAll)
    [Anonymous Symbol]                       0x00003bf8   Section        0  timers.o(.text.xTimerCreateTimerTask)
    $v0                                      0x00003c64   Number         0  fpinit.o(x$fpl$fpinit)
    x$fpl$fpinit                             0x00003c64   Section       26  fpinit.o(x$fpl$fpinit)
    .L.str                                   0x00003c7e   Data           6  main.o(.rodata.str1.1)
    [Anonymous Symbol]                       0x00003c7e   Section        0  main.o(.rodata.str1.1)
    .L.str.2                                 0x00003c84   Data           6  main.o(.rodata.str1.1)
    .L.str.1                                 0x00003c8a   Data           6  main.o(.rodata.str1.1)
    .L.str.3                                 0x00003c90   Data           6  main.o(.rodata.str1.1)
    .L.str                                   0x00003c96   Data           5  tasks.o(.rodata.str1.1)
    [Anonymous Symbol]                       0x00003c96   Section        0  tasks.o(.rodata.str1.1)
    .L.str                                   0x00003c9b   Data           8  timers.o(.rodata.str1.1)
    [Anonymous Symbol]                       0x00003c9b   Section        0  timers.o(.rodata.str1.1)
    uxCriticalNesting                        0x20000004   Data           4  port.o(.data.uxCriticalNesting)
    [Anonymous Symbol]                       0x20000004   Section        0  port.o(.data.uxCriticalNesting)
    .bss                                     0x20000008   Section       96  libspace.o(.bss)
    automatic                                0x20000068   Data           1  main.o(.bss.automatic)
    [Anonymous Symbol]                       0x20000068   Section        0  main.o(.bss.automatic)
    child                                    0x20000069   Data           1  main.o(.bss.child)
    [Anonymous Symbol]                       0x20000069   Section        0  main.o(.bss.child)
    prvSampleTimeNow.xLastTime               0x2000006c   Data           4  timers.o(.bss.prvSampleTimeNow.xLastTime)
    [Anonymous Symbol]                       0x2000006c   Section        0  timers.o(.bss.prvSampleTimeNow.xLastTime)
    pvPortMalloc.pucAlignedHeap              0x20000070   Data           4  heap_1.o(.bss.pvPortMalloc.pucAlignedHeap)
    [Anonymous Symbol]                       0x20000070   Section        0  heap_1.o(.bss.pvPortMalloc.pucAlignedHeap)
    __tagsym$$used.1                         0x20000074   Number         0  tasks.o(.bss.pxCurrentTCB)
    pxCurrentTimerList                       0x20000078   Data           4  timers.o(.bss.pxCurrentTimerList)
    [Anonymous Symbol]                       0x20000078   Section        0  timers.o(.bss.pxCurrentTimerList)
    pxDelayedTaskList                        0x2000007c   Data           4  tasks.o(.bss.pxDelayedTaskList)
    [Anonymous Symbol]                       0x2000007c   Section        0  tasks.o(.bss.pxDelayedTaskList)
    pxOverflowDelayedTaskList                0x20000080   Data           4  tasks.o(.bss.pxOverflowDelayedTaskList)
    [Anonymous Symbol]                       0x20000080   Section        0  tasks.o(.bss.pxOverflowDelayedTaskList)
    pxOverflowTimerList                      0x20000084   Data           4  timers.o(.bss.pxOverflowTimerList)
    [Anonymous Symbol]                       0x20000084   Section        0  timers.o(.bss.pxOverflowTimerList)
    pxReadyTasksLists                        0x20000088   Data         300  tasks.o(.bss.pxReadyTasksLists)
    [Anonymous Symbol]                       0x20000088   Section        0  tasks.o(.bss.pxReadyTasksLists)
    ucHeap                                   0x200001b4   Data        4096  heap_1.o(.bss.ucHeap)
    [Anonymous Symbol]                       0x200001b4   Section        0  heap_1.o(.bss.ucHeap)
    ucMaxSysCallPriority                     0x200011b4   Data           1  port.o(.bss.ucMaxSysCallPriority)
    [Anonymous Symbol]                       0x200011b4   Section        0  port.o(.bss.ucMaxSysCallPriority)
    ulMaxPRIGROUPValue                       0x200011b8   Data           4  port.o(.bss.ulMaxPRIGROUPValue)
    [Anonymous Symbol]                       0x200011b8   Section        0  port.o(.bss.ulMaxPRIGROUPValue)
    uxCurrentNumberOfTasks                   0x200011bc   Data           4  tasks.o(.bss.uxCurrentNumberOfTasks)
    [Anonymous Symbol]                       0x200011bc   Section        0  tasks.o(.bss.uxCurrentNumberOfTasks)
    uxDeletedTasksWaitingCleanUp             0x200011c0   Data           4  tasks.o(.bss.uxDeletedTasksWaitingCleanUp)
    [Anonymous Symbol]                       0x200011c0   Section        0  tasks.o(.bss.uxDeletedTasksWaitingCleanUp)
    uxSchedulerSuspended                     0x200011c4   Data           4  tasks.o(.bss.uxSchedulerSuspended)
    [Anonymous Symbol]                       0x200011c4   Section        0  tasks.o(.bss.uxSchedulerSuspended)
    uxTaskNumber                             0x200011c8   Data           4  tasks.o(.bss.uxTaskNumber)
    [Anonymous Symbol]                       0x200011c8   Section        0  tasks.o(.bss.uxTaskNumber)
    uxTopReadyPriority                       0x200011cc   Data           4  tasks.o(.bss.uxTopReadyPriority)
    [Anonymous Symbol]                       0x200011cc   Section        0  tasks.o(.bss.uxTopReadyPriority)
    xActiveTimerList1                        0x200011d0   Data          20  timers.o(.bss.xActiveTimerList1)
    [Anonymous Symbol]                       0x200011d0   Section        0  timers.o(.bss.xActiveTimerList1)
    xActiveTimerList2                        0x200011e4   Data          20  timers.o(.bss.xActiveTimerList2)
    [Anonymous Symbol]                       0x200011e4   Section        0  timers.o(.bss.xActiveTimerList2)
    xDelayedTaskList1                        0x200011fc   Data          20  tasks.o(.bss.xDelayedTaskList1)
    [Anonymous Symbol]                       0x200011fc   Section        0  tasks.o(.bss.xDelayedTaskList1)
    xDelayedTaskList2                        0x20001210   Data          20  tasks.o(.bss.xDelayedTaskList2)
    [Anonymous Symbol]                       0x20001210   Section        0  tasks.o(.bss.xDelayedTaskList2)
    xIdleTaskHandle                          0x20001224   Data           4  tasks.o(.bss.xIdleTaskHandle)
    [Anonymous Symbol]                       0x20001224   Section        0  tasks.o(.bss.xIdleTaskHandle)
    xNextFreeByte                            0x2000122c   Data           4  heap_1.o(.bss.xNextFreeByte)
    [Anonymous Symbol]                       0x2000122c   Section        0  heap_1.o(.bss.xNextFreeByte)
    xNextTaskUnblockTime                     0x20001230   Data           4  tasks.o(.bss.xNextTaskUnblockTime)
    [Anonymous Symbol]                       0x20001230   Section        0  tasks.o(.bss.xNextTaskUnblockTime)
    xNumOfOverflows                          0x20001234   Data           4  tasks.o(.bss.xNumOfOverflows)
    [Anonymous Symbol]                       0x20001234   Section        0  tasks.o(.bss.xNumOfOverflows)
    xPendedTicks                             0x20001238   Data           4  tasks.o(.bss.xPendedTicks)
    [Anonymous Symbol]                       0x20001238   Section        0  tasks.o(.bss.xPendedTicks)
    xPendingReadyList                        0x2000123c   Data          20  tasks.o(.bss.xPendingReadyList)
    [Anonymous Symbol]                       0x2000123c   Section        0  tasks.o(.bss.xPendingReadyList)
    xSchedulerRunning                        0x20001258   Data           4  tasks.o(.bss.xSchedulerRunning)
    [Anonymous Symbol]                       0x20001258   Section        0  tasks.o(.bss.xSchedulerRunning)
    xSuspendedTaskList                       0x20001260   Data          20  tasks.o(.bss.xSuspendedTaskList)
    [Anonymous Symbol]                       0x20001260   Section        0  tasks.o(.bss.xSuspendedTaskList)
    xTasksWaitingTermination                 0x20001274   Data          20  tasks.o(.bss.xTasksWaitingTermination)
    [Anonymous Symbol]                       0x20001274   Section        0  tasks.o(.bss.xTasksWaitingTermination)
    xTickCount                               0x20001288   Data           4  tasks.o(.bss.xTickCount)
    [Anonymous Symbol]                       0x20001288   Section        0  tasks.o(.bss.xTickCount)
    xTimerQueue                              0x2000128c   Data           4  timers.o(.bss.xTimerQueue)
    [Anonymous Symbol]                       0x2000128c   Section        0  timers.o(.bss.xTimerQueue)
    xTimerTaskHandle                         0x20001290   Data           4  timers.o(.bss.xTimerTaskHandle)
    [Anonymous Symbol]                       0x20001290   Section        0  timers.o(.bss.xTimerTaskHandle)
    xYieldPending                            0x20001294   Data           4  tasks.o(.bss.xYieldPending)
    [Anonymous Symbol]                       0x20001294   Section        0  tasks.o(.bss.xYieldPending)
    Heap_Mem                                 0x20001298   Data           0  startup_tm4c123.o(HEAP)
    Stack_Mem                                0x20001298   Data         512  startup_tm4c123.o(STACK)
    HEAP                                     0x20001298   Section        0  startup_tm4c123.o(HEAP)
    STACK                                    0x20001298   Section      512  startup_tm4c123.o(STACK)
    __initial_sp                             0x20001498   Data           0  startup_tm4c123.o(STACK)

    Global Symbols

    Symbol Name                              Value     Ov Type        Size  Object(Section)

    BuildAttributes$$THM_ISAv4$E$P$D$K$B$S$7EM$VFPi3$EXTD16$VFPS$VFMA$PE$A:L22UL41UL21$X:L11$S22US41US21$IEEE1$IW$~IW$USESV6$~STKCKD$USESV7$~SHL$OSPACE$ROPI$EBA8$UX$STANDARDLIB$REQ8$PRES8$EABIv2 0x00000000   Number         0  anon$$obj.o ABSOLUTE
    __Vectors                                0x00000000   Data           4  startup_tm4c123.o(RESET)
    __ARM_exceptions_init                     - Undefined Weak Reference
    __alloca_initialize                       - Undefined Weak Reference
    __arm_preinit_                            - Undefined Weak Reference
    __arm_relocate_pie_                       - Undefined Weak Reference
    __cpp_initialize__aeabi_                  - Undefined Weak Reference
    __cxa_finalize                            - Undefined Weak Reference
    __rt_locale                               - Undefined Weak Reference
    __sigvec_lookup                           - Undefined Weak Reference
    _atexit_init                              - Undefined Weak Reference
    _call_atexit_fns                          - Undefined Weak Reference
    _clock_init                               - Undefined Weak Reference
    _fp_trap_init                             - Undefined Weak Reference
    _fp_trap_shutdown                         - Undefined Weak Reference
    _get_lc_collate                           - Undefined Weak Reference
    _get_lc_ctype                             - Undefined Weak Reference
    _get_lc_monetary                          - Undefined Weak Reference
    _get_lc_numeric                           - Undefined Weak Reference
    _get_lc_time                              - Undefined Weak Reference
    _getenv_init                              - Undefined Weak Reference
    _handle_redirection                       - Undefined Weak Reference
    _init_alloc                               - Undefined Weak Reference
    _init_user_alloc                          - Undefined Weak Reference
    _initio                                   - Undefined Weak Reference
    _rand_init                                - Undefined Weak Reference
    _signal_finish                            - Undefined Weak Reference
    _signal_init                              - Undefined Weak Reference
    _terminate_alloc                          - Undefined Weak Reference
    _terminate_user_alloc                     - Undefined Weak Reference
    _terminateio                              - Undefined Weak Reference
    __Vectors_End                            0x0000026c   Data           0  startup_tm4c123.o(RESET)
    __Vectors_Size                           0x0000026c   Number         0  startup_tm4c123.o ABSOLUTE
    __main                                   0x0000026d   Thumb Code     8  __main.o(!!!main)
    __scatterload                            0x00000275   Thumb Code     0  __scatter.o(!!!scatter)
    __scatterload_rt2                        0x00000275   Thumb Code    44  __scatter.o(!!!scatter)
    __scatterload_rt2_thumb_only             0x00000275   Thumb Code     0  __scatter.o(!!!scatter)
    __scatterload_null                       0x00000283   Thumb Code     0  __scatter.o(!!!scatter)
    __scatterload_copy                       0x000002a9   Thumb Code    26  __scatter_copy.o(!!handler_copy)
    __scatterload_zeroinit                   0x000002c5   Thumb Code    28  __scatter_zi.o(!!handler_zi)
    __rt_lib_init                            0x000002e1   Thumb Code     0  libinit.o(.ARM.Collect$$libinit$$00000000)
    __rt_lib_init_fp_1                       0x000002e3   Thumb Code     0  libinit2.o(.ARM.Collect$$libinit$$00000001)
    __rt_lib_init_alloca_1                   0x000002e7   Thumb Code     0  libinit2.o(.ARM.Collect$$libinit$$00000030)
    __rt_lib_init_argv_1                     0x000002e7   Thumb Code     0  libinit2.o(.ARM.Collect$$libinit$$0000002E)
    __rt_lib_init_atexit_1                   0x000002e7   Thumb Code     0  libinit2.o(.ARM.Collect$$libinit$$0000001D)
    __rt_lib_init_clock_1                    0x000002e7   Thumb Code     0  libinit2.o(.ARM.Collect$$libinit$$00000023)
    __rt_lib_init_cpp_1                      0x000002e7   Thumb Code     0  libinit2.o(.ARM.Collect$$libinit$$00000034)
    __rt_lib_init_exceptions_1               0x000002e7   Thumb Code     0  libinit2.o(.ARM.Collect$$libinit$$00000032)
    __rt_lib_init_fp_trap_1                  0x000002e7   Thumb Code     0  libinit2.o(.ARM.Collect$$libinit$$00000021)
    __rt_lib_init_getenv_1                   0x000002e7   Thumb Code     0  libinit2.o(.ARM.Collect$$libinit$$00000025)
    __rt_lib_init_heap_1                     0x000002e7   Thumb Code     0  libinit2.o(.ARM.Collect$$libinit$$0000000C)
    __rt_lib_init_lc_collate_1               0x000002e7   Thumb Code     0  libinit2.o(.ARM.Collect$$libinit$$00000013)
    __rt_lib_init_lc_ctype_1                 0x000002e7   Thumb Code     0  libinit2.o(.ARM.Collect$$libinit$$00000015)
    __rt_lib_init_lc_monetary_1              0x000002e7   Thumb Code     0  libinit2.o(.ARM.Collect$$libinit$$00000017)
    __rt_lib_init_lc_numeric_1               0x000002e7   Thumb Code     0  libinit2.o(.ARM.Collect$$libinit$$00000019)
    __rt_lib_init_lc_time_1                  0x000002e7   Thumb Code     0  libinit2.o(.ARM.Collect$$libinit$$0000001B)
    __rt_lib_init_preinit_1                  0x000002e7   Thumb Code     0  libinit2.o(.ARM.Collect$$libinit$$00000006)
    __rt_lib_init_rand_1                     0x000002e7   Thumb Code     0  libinit2.o(.ARM.Collect$$libinit$$00000010)
    __rt_lib_init_relocate_pie_1             0x000002e7   Thumb Code     0  libinit2.o(.ARM.Collect$$libinit$$00000004)
    __rt_lib_init_return                     0x000002e7   Thumb Code     0  libinit2.o(.ARM.Collect$$libinit$$00000035)
    __rt_lib_init_signal_1                   0x000002e7   Thumb Code     0  libinit2.o(.ARM.Collect$$libinit$$0000001F)
    __rt_lib_init_stdio_1                    0x000002e7   Thumb Code     0  libinit2.o(.ARM.Collect$$libinit$$00000027)
    __rt_lib_init_user_alloc_1               0x000002e7   Thumb Code     0  libinit2.o(.ARM.Collect$$libinit$$0000000E)
    __rt_lib_shutdown                        0x000002e9   Thumb Code     0  libshutdown.o(.ARM.Collect$$libshutdown$$00000000)
    __rt_lib_shutdown_cpp_1                  0x000002eb   Thumb Code     0  libshutdown2.o(.ARM.Collect$$libshutdown$$00000002)
    __rt_lib_shutdown_fp_trap_1              0x000002eb   Thumb Code     0  libshutdown2.o(.ARM.Collect$$libshutdown$$00000007)
    __rt_lib_shutdown_heap_1                 0x000002eb   Thumb Code     0  libshutdown2.o(.ARM.Collect$$libshutdown$$0000000F)
    __rt_lib_shutdown_return                 0x000002eb   Thumb Code     0  libshutdown2.o(.ARM.Collect$$libshutdown$$00000010)
    __rt_lib_shutdown_signal_1               0x000002eb   Thumb Code     0  libshutdown2.o(.ARM.Collect$$libshutdown$$0000000A)
    __rt_lib_shutdown_stdio_1                0x000002eb   Thumb Code     0  libshutdown2.o(.ARM.Collect$$libshutdown$$00000004)
    __rt_lib_shutdown_user_alloc_1           0x000002eb   Thumb Code     0  libshutdown2.o(.ARM.Collect$$libshutdown$$0000000C)
    __rt_entry                               0x000002ed   Thumb Code     0  __rtentry.o(.ARM.Collect$$rtentry$$00000000)
    __rt_entry_presh_1                       0x000002ed   Thumb Code     0  __rtentry2.o(.ARM.Collect$$rtentry$$00000002)
    __rt_entry_sh                            0x000002ed   Thumb Code     0  __rtentry4.o(.ARM.Collect$$rtentry$$00000004)
    __rt_entry_li                            0x000002f3   Thumb Code     0  __rtentry2.o(.ARM.Collect$$rtentry$$0000000A)
    __rt_entry_postsh_1                      0x000002f3   Thumb Code     0  __rtentry2.o(.ARM.Collect$$rtentry$$00000009)
    __rt_entry_main                          0x000002f7   Thumb Code     0  __rtentry2.o(.ARM.Collect$$rtentry$$0000000D)
    __rt_entry_postli_1                      0x000002f7   Thumb Code     0  __rtentry2.o(.ARM.Collect$$rtentry$$0000000C)
    __rt_exit                                0x000002ff   Thumb Code     0  rtexit.o(.ARM.Collect$$rtexit$$00000000)
    __rt_exit_ls                             0x00000301   Thumb Code     0  rtexit2.o(.ARM.Collect$$rtexit$$00000003)
    __rt_exit_prels_1                        0x00000301   Thumb Code     0  rtexit2.o(.ARM.Collect$$rtexit$$00000002)
    __rt_exit_exit                           0x00000305   Thumb Code     0  rtexit2.o(.ARM.Collect$$rtexit$$00000004)
    Reset_Handler                            0x0000030d   Thumb Code     8  startup_tm4c123.o(.text)
    NMI_Handler                              0x00000315   Thumb Code     2  startup_tm4c123.o(.text)
    HardFault_Handler                        0x00000317   Thumb Code     2  startup_tm4c123.o(.text)
    MemManage_Handler                        0x00000319   Thumb Code     2  startup_tm4c123.o(.text)
    BusFault_Handler                         0x0000031b   Thumb Code     2  startup_tm4c123.o(.text)
    UsageFault_Handler                       0x0000031d   Thumb Code     2  startup_tm4c123.o(.text)
    DebugMon_Handler                         0x00000321   Thumb Code     2  startup_tm4c123.o(.text)
    GPIOC_Handler                            0x0000032b   Thumb Code     2  startup_tm4c123.o(.text)
    GPIOE_Handler                            0x0000032f   Thumb Code     2  startup_tm4c123.o(.text)
    UART0_Handler                            0x00000331   Thumb Code     2  startup_tm4c123.o(.text)
    UART1_Handler                            0x00000333   Thumb Code     2  startup_tm4c123.o(.text)
    SSI0_Handler                             0x00000335   Thumb Code     2  startup_tm4c123.o(.text)
    I2C0_Handler                             0x00000337   Thumb Code     2  startup_tm4c123.o(.text)
    PMW0_FAULT_Handler                       0x00000339   Thumb Code     2  startup_tm4c123.o(.text)
    PWM0_0_Handler                           0x0000033b   Thumb Code     2  startup_tm4c123.o(.text)
    PWM0_1_Handler                           0x0000033d   Thumb Code     2  startup_tm4c123.o(.text)
    PWM0_2_Handler                           0x0000033f   Thumb Code     2  startup_tm4c123.o(.text)
    QEI0_Handler                             0x00000341   Thumb Code     2  startup_tm4c123.o(.text)
    ADC0SS0_Handler                          0x00000343   Thumb Code     2  startup_tm4c123.o(.text)
    ADC0SS1_Handler                          0x00000345   Thumb Code     2  startup_tm4c123.o(.text)
    ADC0SS2_Handler                          0x00000347   Thumb Code     2  startup_tm4c123.o(.text)
    ADC0SS3_Handler                          0x00000349   Thumb Code     2  startup_tm4c123.o(.text)
    WDT0_Handler                             0x0000034b   Thumb Code     2  startup_tm4c123.o(.text)
    TIMER0A_Handler                          0x0000034d   Thumb Code     2  startup_tm4c123.o(.text)
    TIMER0B_Handler                          0x0000034f   Thumb Code     2  startup_tm4c123.o(.text)
    TIMER1A_Handler                          0x00000351   Thumb Code     2  startup_tm4c123.o(.text)
    TIMER1B_Handler                          0x00000353   Thumb Code     2  startup_tm4c123.o(.text)
    TIMER2A_Handler                          0x00000355   Thumb Code     2  startup_tm4c123.o(.text)
    TIMER2B_Handler                          0x00000357   Thumb Code     2  startup_tm4c123.o(.text)
    COMP0_Handler                            0x00000359   Thumb Code     2  startup_tm4c123.o(.text)
    COMP1_Handler                            0x0000035b   Thumb Code     2  startup_tm4c123.o(.text)
    COMP2_Handler                            0x0000035d   Thumb Code     2  startup_tm4c123.o(.text)
    SYSCTL_Handler                           0x0000035f   Thumb Code     2  startup_tm4c123.o(.text)
    FLASH_Handler                            0x00000361   Thumb Code     2  startup_tm4c123.o(.text)
    GPIOF_Handler                            0x00000363   Thumb Code     2  startup_tm4c123.o(.text)
    GPIOG_Handler                            0x00000365   Thumb Code     2  startup_tm4c123.o(.text)
    GPIOH_Handler                            0x00000367   Thumb Code     2  startup_tm4c123.o(.text)
    UART2_Handler                            0x00000369   Thumb Code     2  startup_tm4c123.o(.text)
    SSI1_Handler                             0x0000036b   Thumb Code     2  startup_tm4c123.o(.text)
    TIMER3A_Handler                          0x0000036d   Thumb Code     2  startup_tm4c123.o(.text)
    TIMER3B_Handler                          0x0000036f   Thumb Code     2  startup_tm4c123.o(.text)
    I2C1_Handler                             0x00000371   Thumb Code     2  startup_tm4c123.o(.text)
    QEI1_Handler                             0x00000373   Thumb Code     2  startup_tm4c123.o(.text)
    CAN0_Handler                             0x00000375   Thumb Code     2  startup_tm4c123.o(.text)
    CAN1_Handler                             0x00000377   Thumb Code     2  startup_tm4c123.o(.text)
    CAN2_Handler                             0x00000379   Thumb Code     2  startup_tm4c123.o(.text)
    HIB_Handler                              0x0000037b   Thumb Code     2  startup_tm4c123.o(.text)
    USB0_Handler                             0x0000037d   Thumb Code     2  startup_tm4c123.o(.text)
    PWM0_3_Handler                           0x0000037f   Thumb Code     2  startup_tm4c123.o(.text)
    UDMA_Handler                             0x00000381   Thumb Code     2  startup_tm4c123.o(.text)
    UDMAERR_Handler                          0x00000383   Thumb Code     2  startup_tm4c123.o(.text)
    ADC1SS0_Handler                          0x00000385   Thumb Code     2  startup_tm4c123.o(.text)
    ADC1SS1_Handler                          0x00000387   Thumb Code     2  startup_tm4c123.o(.text)
    ADC1SS2_Handler                          0x00000389   Thumb Code     2  startup_tm4c123.o(.text)
    ADC1SS3_Handler                          0x0000038b   Thumb Code     2  startup_tm4c123.o(.text)
    GPIOJ_Handler                            0x0000038d   Thumb Code     2  startup_tm4c123.o(.text)
    GPIOK_Handler                            0x0000038f   Thumb Code     2  startup_tm4c123.o(.text)
    GPIOL_Handler                            0x00000391   Thumb Code     2  startup_tm4c123.o(.text)
    SSI2_Handler                             0x00000393   Thumb Code     2  startup_tm4c123.o(.text)
    SSI3_Handler                             0x00000395   Thumb Code     2  startup_tm4c123.o(.text)
    UART3_Handler                            0x00000397   Thumb Code     2  startup_tm4c123.o(.text)
    UART4_Handler                            0x00000399   Thumb Code     2  startup_tm4c123.o(.text)
    UART5_Handler                            0x0000039b   Thumb Code     2  startup_tm4c123.o(.text)
    UART6_Handler                            0x0000039d   Thumb Code     2  startup_tm4c123.o(.text)
    UART7_Handler                            0x0000039f   Thumb Code     2  startup_tm4c123.o(.text)
    I2C2_Handler                             0x000003a1   Thumb Code     2  startup_tm4c123.o(.text)
    I2C3_Handler                             0x000003a3   Thumb Code     2  startup_tm4c123.o(.text)
    TIMER4A_Handler                          0x000003a5   Thumb Code     2  startup_tm4c123.o(.text)
    TIMER4B_Handler                          0x000003a7   Thumb Code     2  startup_tm4c123.o(.text)
    TIMER5A_Handler                          0x000003a9   Thumb Code     2  startup_tm4c123.o(.text)
    TIMER5B_Handler                          0x000003ab   Thumb Code     2  startup_tm4c123.o(.text)
    WTIMER0A_Handler                         0x000003ad   Thumb Code     2  startup_tm4c123.o(.text)
    WTIMER0B_Handler                         0x000003af   Thumb Code     2  startup_tm4c123.o(.text)
    WTIMER1A_Handler                         0x000003b1   Thumb Code     2  startup_tm4c123.o(.text)
    WTIMER1B_Handler                         0x000003b3   Thumb Code     2  startup_tm4c123.o(.text)
    WTIMER2A_Handler                         0x000003b5   Thumb Code     2  startup_tm4c123.o(.text)
    WTIMER2B_Handler                         0x000003b7   Thumb Code     2  startup_tm4c123.o(.text)
    WTIMER3A_Handler                         0x000003b9   Thumb Code     2  startup_tm4c123.o(.text)
    WTIMER3B_Handler                         0x000003bb   Thumb Code     2  startup_tm4c123.o(.text)
    WTIMER4A_Handler                         0x000003bd   Thumb Code     2  startup_tm4c123.o(.text)
    WTIMER4B_Handler                         0x000003bf   Thumb Code     2  startup_tm4c123.o(.text)
    WTIMER5A_Handler                         0x000003c1   Thumb Code     2  startup_tm4c123.o(.text)
    WTIMER5B_Handler                         0x000003c3   Thumb Code     2  startup_tm4c123.o(.text)
    FPU_Handler                              0x000003c5   Thumb Code     2  startup_tm4c123.o(.text)
    I2C4_Handler                             0x000003c7   Thumb Code     2  startup_tm4c123.o(.text)
    I2C5_Handler                             0x000003c9   Thumb Code     2  startup_tm4c123.o(.text)
    GPIOM_Handler                            0x000003cb   Thumb Code     2  startup_tm4c123.o(.text)
    GPION_Handler                            0x000003cd   Thumb Code     2  startup_tm4c123.o(.text)
    QEI2_Handler                             0x000003cf   Thumb Code     2  startup_tm4c123.o(.text)
    GPIOP0_Handler                           0x000003d1   Thumb Code     2  startup_tm4c123.o(.text)
    GPIOP1_Handler                           0x000003d3   Thumb Code     2  startup_tm4c123.o(.text)
    GPIOP2_Handler                           0x000003d5   Thumb Code     2  startup_tm4c123.o(.text)
    GPIOP3_Handler                           0x000003d7   Thumb Code     2  startup_tm4c123.o(.text)
    GPIOP4_Handler                           0x000003d9   Thumb Code     2  startup_tm4c123.o(.text)
    GPIOP5_Handler                           0x000003db   Thumb Code     2  startup_tm4c123.o(.text)
    GPIOP6_Handler                           0x000003dd   Thumb Code     2  startup_tm4c123.o(.text)
    GPIOP7_Handler                           0x000003df   Thumb Code     2  startup_tm4c123.o(.text)
    GPIOQ0_Handler                           0x000003e1   Thumb Code     2  startup_tm4c123.o(.text)
    GPIOQ1_Handler                           0x000003e3   Thumb Code     2  startup_tm4c123.o(.text)
    GPIOQ2_Handler                           0x000003e5   Thumb Code     2  startup_tm4c123.o(.text)
    GPIOQ3_Handler                           0x000003e7   Thumb Code     2  startup_tm4c123.o(.text)
    GPIOQ4_Handler                           0x000003e9   Thumb Code     2  startup_tm4c123.o(.text)
    GPIOQ5_Handler                           0x000003eb   Thumb Code     2  startup_tm4c123.o(.text)
    GPIOQ6_Handler                           0x000003ed   Thumb Code     2  startup_tm4c123.o(.text)
    GPIOQ7_Handler                           0x000003ef   Thumb Code     2  startup_tm4c123.o(.text)
    GPIOR_Handler                            0x000003f1   Thumb Code     2  startup_tm4c123.o(.text)
    GPIOS_Handler                            0x000003f3   Thumb Code     2  startup_tm4c123.o(.text)
    PMW1_0_Handler                           0x000003f5   Thumb Code     2  startup_tm4c123.o(.text)
    PWM1_1_Handler                           0x000003f7   Thumb Code     2  startup_tm4c123.o(.text)
    PWM1_2_Handler                           0x000003f9   Thumb Code     2  startup_tm4c123.o(.text)
    PWM1_3_Handler                           0x000003fb   Thumb Code     2  startup_tm4c123.o(.text)
    PWM1_FAULT_Handler                       0x000003fd   Thumb Code     2  startup_tm4c123.o(.text)
    __user_initial_stackheap                 0x00000401   Thumb Code     0  startup_tm4c123.o(.text)
    __aeabi_memcpy                           0x00000421   Thumb Code     0  rt_memcpy_v6.o(.text)
    __rt_memcpy                              0x00000421   Thumb Code   138  rt_memcpy_v6.o(.text)
    _memcpy_lastbytes                        0x00000487   Thumb Code     0  rt_memcpy_v6.o(.text)
    __aeabi_memclr                           0x000004ab   Thumb Code     0  rt_memclr.o(.text)
    __rt_memclr                              0x000004ab   Thumb Code     0  rt_memclr.o(.text)
    _memset                                  0x000004af   Thumb Code    64  rt_memclr.o(.text)
    __use_two_region_memory                  0x000004ef   Thumb Code     2  heapauxi.o(.text)
    __rt_heap_escrow$2region                 0x000004f1   Thumb Code     2  heapauxi.o(.text)
    __rt_heap_expand$2region                 0x000004f3   Thumb Code     2  heapauxi.o(.text)
    __aeabi_memcpy4                          0x000004f5   Thumb Code     0  rt_memcpy_w.o(.text)
    __aeabi_memcpy8                          0x000004f5   Thumb Code     0  rt_memcpy_w.o(.text)
    __rt_memcpy_w                            0x000004f5   Thumb Code   100  rt_memcpy_w.o(.text)
    _memcpy_lastbytes_aligned                0x0000053d   Thumb Code     0  rt_memcpy_w.o(.text)
    __aeabi_memclr4                          0x00000559   Thumb Code     0  rt_memclr_w.o(.text)
    __aeabi_memclr8                          0x00000559   Thumb Code     0  rt_memclr_w.o(.text)
    __rt_memclr_w                            0x00000559   Thumb Code     0  rt_memclr_w.o(.text)
    _memset_w                                0x0000055d   Thumb Code    74  rt_memclr_w.o(.text)
    __user_setup_stackheap                   0x000005a7   Thumb Code    74  sys_stackheap_outer.o(.text)
    exit                                     0x000005f1   Thumb Code    18  exit.o(.text)
    __user_libspace                          0x00000605   Thumb Code     8  libspace.o(.text)
    __user_perproc_libspace                  0x00000605   Thumb Code     0  libspace.o(.text)
    __user_perthread_libspace                0x00000605   Thumb Code     0  libspace.o(.text)
    _sys_exit                                0x0000060d   Thumb Code     8  sys_exit.o(.text)
    __I$use$semihosting                      0x00000619   Thumb Code     0  use_no_semi.o(.text)
    __use_no_semihosting_swi                 0x00000619   Thumb Code     2  use_no_semi.o(.text)
    __semihosting_library_function           0x0000061b   Thumb Code     0  indicate_semi.o(.text)
    GPIOA_Handler                            0x0000061d   Thumb Code   132  main.o(.text.GPIOA_Handler)
    GPIOB_Handler                            0x000006a1   Thumb Code    82  main.o(.text.GPIOB_Handler)
    GPIOD_Handler                            0x000006f5   Thumb Code   102  main.o(.text.GPIOD_Handler)
    PendSV_Handler                           0x00000761   Thumb Code   100  port.o(.text.PendSV_Handler)
    PortA_Init                               0x000007c5   Thumb Code   172  init.o(.text.PortA_Init)
    PortB_Init                               0x00000871   Thumb Code   158  init.o(.text.PortB_Init)
    PortD_Init                               0x00000911   Thumb Code   142  init.o(.text.PortD_Init)
    PortE_Init                               0x000009a1   Thumb Code    76  init.o(.text.PortE_Init)
    PortF_Init                               0x000009ed   Thumb Code   150  init.o(.text.PortF_Init)
    SVC_Handler                              0x00000a91   Thumb Code    36  port.o(.text.SVC_Handler)
    SysTick_Handler                          0x00000ab5   Thumb Code    60  port.o(.text.SysTick_Handler)
    SystemInit                               0x00000af1   Thumb Code    18  system_tm4c123.o(.text.SystemInit)
    down                                     0x00000b35   Thumb Code    14  main.o(.text.down)
    driver                                   0x00000b45   Thumb Code   252  main.o(.text.driver)
    main                                     0x00000c41   Thumb Code   288  main.o(.text.main)
    passenger                                0x00000d61   Thumb Code   254  main.o(.text.passenger)
    pvPortMalloc                             0x00001be1   Thumb Code   192  heap_1.o(.text.pvPortMalloc)
    pvTaskIncrementMutexHeldCount            0x00001ca1   Thumb Code    44  tasks.o(.text.pvTaskIncrementMutexHeldCount)
    pxPortInitialiseStack                    0x00001ccd   Thumb Code    94  port.o(.text.pxPortInitialiseStack)
    readDriver                               0x00001d2d   Thumb Code   200  main.o(.text.readDriver)
    readPassenger                            0x00001df5   Thumb Code   238  main.o(.text.readPassenger)
    stop                                     0x00001ee5   Thumb Code    14  main.o(.text.stop)
    up                                       0x00001ef5   Thumb Code    14  main.o(.text.up)
    uxListRemove                             0x00001f05   Thumb Code    72  list.o(.text.uxListRemove)
    uxTaskGetNumberOfTasks                   0x00001f4d   Thumb Code    12  tasks.o(.text.uxTaskGetNumberOfTasks)
    vListInitialise                          0x00001f59   Thumb Code    46  list.o(.text.vListInitialise)
    vListInitialiseItem                      0x00001f89   Thumb Code    14  list.o(.text.vListInitialiseItem)
    vListInsert                              0x00001f99   Thumb Code   106  list.o(.text.vListInsert)
    vPortEnterCritical                       0x00002019   Thumb Code    86  port.o(.text.vPortEnterCritical)
    vPortExitCritical                        0x00002071   Thumb Code    74  port.o(.text.vPortExitCritical)
    vPortFree                                0x000020bd   Thumb Code    36  heap_1.o(.text.vPortFree)
    vPortSetupTimerInterrupt                 0x000020e1   Thumb Code    50  port.o(.text.vPortSetupTimerInterrupt)
    vPortValidateInterruptPriority           0x00002115   Thumb Code   132  port.o(.text.vPortValidateInterruptPriority)
    vQueueWaitForMessageRestricted           0x00002199   Thumb Code   100  queue.o(.text.vQueueWaitForMessageRestricted)
    vTaskDelay                               0x000021fd   Thumb Code   110  tasks.o(.text.vTaskDelay)
    vTaskInternalSetTimeOutState             0x0000226d   Thumb Code    36  tasks.o(.text.vTaskInternalSetTimeOutState)
    vTaskMissedYield                         0x00002291   Thumb Code    14  tasks.o(.text.vTaskMissedYield)
    vTaskPlaceOnEventList                    0x000022a1   Thumb Code    66  tasks.o(.text.vTaskPlaceOnEventList)
    vTaskPlaceOnEventListRestricted          0x000022e5   Thumb Code   124  tasks.o(.text.vTaskPlaceOnEventListRestricted)
    vTaskPriorityDisinheritAfterTimeout      0x00002361   Thumb Code   386  tasks.o(.text.vTaskPriorityDisinheritAfterTimeout)
    vTaskStartScheduler                      0x000024e5   Thumb Code   178  tasks.o(.text.vTaskStartScheduler)
    vTaskSuspendAll                          0x00002599   Thumb Code    16  tasks.o(.text.vTaskSuspendAll)
    vTaskSwitchContext                       0x000025a9   Thumb Code   190  tasks.o(.text.vTaskSwitchContext)
    xPortStartScheduler                      0x00002669   Thumb Code   380  port.o(.text.xPortStartScheduler)
    xQueueCreateMutex                        0x000027e5   Thumb Code    38  queue.o(.text.xQueueCreateMutex)
    xQueueGenericCreate                      0x0000280d   Thumb Code   154  queue.o(.text.xQueueGenericCreate)
    xQueueGenericReset                       0x000028a9   Thumb Code   264  queue.o(.text.xQueueGenericReset)
    xQueueGenericSend                        0x000029b1   Thumb Code   628  queue.o(.text.xQueueGenericSend)
    xQueueGiveFromISR                        0x00002c25   Thumb Code   386  queue.o(.text.xQueueGiveFromISR)
    xQueueReceive                            0x00002da9   Thumb Code   476  queue.o(.text.xQueueReceive)
    xQueueSemaphoreTake                      0x00002f85   Thumb Code   528  queue.o(.text.xQueueSemaphoreTake)
    xTaskCheckForTimeOut                     0x00003195   Thumb Code   210  tasks.o(.text.xTaskCheckForTimeOut)
    xTaskCreate                              0x00003269   Thumb Code   160  tasks.o(.text.xTaskCreate)
    xTaskGetSchedulerState                   0x00003309   Thumb Code    56  tasks.o(.text.xTaskGetSchedulerState)
    xTaskGetTickCount                        0x00003341   Thumb Code    20  tasks.o(.text.xTaskGetTickCount)
    xTaskIncrementTick                       0x00003355   Thumb Code   608  tasks.o(.text.xTaskIncrementTick)
    xTaskPriorityDisinherit                  0x000035b5   Thumb Code   312  tasks.o(.text.xTaskPriorityDisinherit)
    xTaskPriorityInherit                     0x000036ed   Thumb Code   348  tasks.o(.text.xTaskPriorityInherit)
    xTaskRemoveFromEventList                 0x00003849   Thumb Code   396  tasks.o(.text.xTaskRemoveFromEventList)
    xTaskResumeAll                           0x000039d5   Thumb Code   546  tasks.o(.text.xTaskResumeAll)
    xTimerCreateTimerTask                    0x00003bf9   Thumb Code   108  timers.o(.text.xTimerCreateTimerTask)
    _fp_init                                 0x00003c65   Thumb Code    26  fpinit.o(x$fpl$fpinit)
    __fplib_config_fpu_vfp                   0x00003c7d   Thumb Code     0  fpinit.o(x$fpl$fpinit)
    __fplib_config_pureend_doubles           0x00003c7d   Thumb Code     0  fpinit.o(x$fpl$fpinit)
    uxTopUsedPriority                        0x00003ca4   Data           4  tasks.o(.rodata.uxTopUsedPriority)
    Region$$Table$$Base                      0x00003ca8   Number         0  anon$$obj.o(Region$$Table)
    Region$$Table$$Limit                     0x00003cc8   Number         0  anon$$obj.o(Region$$Table)
    SystemCoreClock                          0x20000000   Data           4  system_tm4c123.o(.data.SystemCoreClock)
    __libspace_start                         0x20000008   Data          96  libspace.o(.bss)
    __temporary_stack_top$libspace           0x20000068   Data           0  libspace.o(.bss)
    pxCurrentTCB                             0x20000074   Data           4  tasks.o(.bss.pxCurrentTCB)
    xBinarySemaphore                         0x200011f8   Data           4  main.o(.bss.xBinarySemaphore)
    xMutex                                   0x20001228   Data           4  main.o(.bss.xMutex)
    xQueue                                   0x20001250   Data           4  main.o(.bss.xQueue)
    xQueueP                                  0x20001254   Data           4  main.o(.bss.xQueueP)
    xStopSemaphore                           0x2000125c   Data           4  main.o(.bss.xStopSemaphore)



==============================================================================

Memory Map of the image

  Image Entry point : 0x0000030d

  Load Region LR_1 (Base: 0x00000000, Size: 0x00003cd0, Max: 0xffffffff, ABSOLUTE)

    Execution Region ER_RO (Exec base: 0x00000000, Load base: 0x00000000, Size: 0x00003cc8, Max: 0xffffffff, ABSOLUTE)

    Exec Addr    Load Addr    Size         Type   Attr      Idx    E Section Name        Object

    0x00000000   0x00000000   0x0000026c   Data   RO           61    RESET               startup_tm4c123.o
    0x0000026c   0x0000026c   0x00000008   Code   RO          440  * !!!main             c_w.l(__main.o)
    0x00000274   0x00000274   0x00000034   Code   RO          609    !!!scatter          c_w.l(__scatter.o)
    0x000002a8   0x000002a8   0x0000001a   Code   RO          611    !!handler_copy      c_w.l(__scatter_copy.o)
    0x000002c2   0x000002c2   0x00000002   PAD
    0x000002c4   0x000002c4   0x0000001c   Code   RO          613    !!handler_zi        c_w.l(__scatter_zi.o)
    0x000002e0   0x000002e0   0x00000002   Code   RO          471    .ARM.Collect$$libinit$$00000000  c_w.l(libinit.o)
    0x000002e2   0x000002e2   0x00000004   Code   RO          477    .ARM.Collect$$libinit$$00000001  c_w.l(libinit2.o)
    0x000002e6   0x000002e6   0x00000000   Code   RO          480    .ARM.Collect$$libinit$$00000004  c_w.l(libinit2.o)
    0x000002e6   0x000002e6   0x00000000   Code   RO          482    .ARM.Collect$$libinit$$00000006  c_w.l(libinit2.o)
    0x000002e6   0x000002e6   0x00000000   Code   RO          485    .ARM.Collect$$libinit$$0000000C  c_w.l(libinit2.o)
    0x000002e6   0x000002e6   0x00000000   Code   RO          487    .ARM.Collect$$libinit$$0000000E  c_w.l(libinit2.o)
    0x000002e6   0x000002e6   0x00000000   Code   RO          489    .ARM.Collect$$libinit$$00000010  c_w.l(libinit2.o)
    0x000002e6   0x000002e6   0x00000000   Code   RO          492    .ARM.Collect$$libinit$$00000013  c_w.l(libinit2.o)
    0x000002e6   0x000002e6   0x00000000   Code   RO          494    .ARM.Collect$$libinit$$00000015  c_w.l(libinit2.o)
    0x000002e6   0x000002e6   0x00000000   Code   RO          496    .ARM.Collect$$libinit$$00000017  c_w.l(libinit2.o)
    0x000002e6   0x000002e6   0x00000000   Code   RO          498    .ARM.Collect$$libinit$$00000019  c_w.l(libinit2.o)
    0x000002e6   0x000002e6   0x00000000   Code   RO          500    .ARM.Collect$$libinit$$0000001B  c_w.l(libinit2.o)
    0x000002e6   0x000002e6   0x00000000   Code   RO          502    .ARM.Collect$$libinit$$0000001D  c_w.l(libinit2.o)
    0x000002e6   0x000002e6   0x00000000   Code   RO          504    .ARM.Collect$$libinit$$0000001F  c_w.l(libinit2.o)
    0x000002e6   0x000002e6   0x00000000   Code   RO          506    .ARM.Collect$$libinit$$00000021  c_w.l(libinit2.o)
    0x000002e6   0x000002e6   0x00000000   Code   RO          508    .ARM.Collect$$libinit$$00000023  c_w.l(libinit2.o)
    0x000002e6   0x000002e6   0x00000000   Code   RO          510    .ARM.Collect$$libinit$$00000025  c_w.l(libinit2.o)
    0x000002e6   0x000002e6   0x00000000   Code   RO          512    .ARM.Collect$$libinit$$00000027  c_w.l(libinit2.o)
    0x000002e6   0x000002e6   0x00000000   Code   RO          516    .ARM.Collect$$libinit$$0000002E  c_w.l(libinit2.o)
    0x000002e6   0x000002e6   0x00000000   Code   RO          518    .ARM.Collect$$libinit$$00000030  c_w.l(libinit2.o)
    0x000002e6   0x000002e6   0x00000000   Code   RO          520    .ARM.Collect$$libinit$$00000032  c_w.l(libinit2.o)
    0x000002e6   0x000002e6   0x00000000   Code   RO          522    .ARM.Collect$$libinit$$00000034  c_w.l(libinit2.o)
    0x000002e6   0x000002e6   0x00000002   Code   RO          523    .ARM.Collect$$libinit$$00000035  c_w.l(libinit2.o)
    0x000002e8   0x000002e8   0x00000002   Code   RO          545    .ARM.Collect$$libshutdown$$00000000  c_w.l(libshutdown.o)
    0x000002ea   0x000002ea   0x00000000   Code   RO          560    .ARM.Collect$$libshutdown$$00000002  c_w.l(libshutdown2.o)
    0x000002ea   0x000002ea   0x00000000   Code   RO          562    .ARM.Collect$$libshutdown$$00000004  c_w.l(libshutdown2.o)
    0x000002ea   0x000002ea   0x00000000   Code   RO          565    .ARM.Collect$$libshutdown$$00000007  c_w.l(libshutdown2.o)
    0x000002ea   0x000002ea   0x00000000   Code   RO          568    .ARM.Collect$$libshutdown$$0000000A  c_w.l(libshutdown2.o)
    0x000002ea   0x000002ea   0x00000000   Code   RO          570    .ARM.Collect$$libshutdown$$0000000C  c_w.l(libshutdown2.o)
    0x000002ea   0x000002ea   0x00000000   Code   RO          573    .ARM.Collect$$libshutdown$$0000000F  c_w.l(libshutdown2.o)
    0x000002ea   0x000002ea   0x00000002   Code   RO          574    .ARM.Collect$$libshutdown$$00000010  c_w.l(libshutdown2.o)
    0x000002ec   0x000002ec   0x00000000   Code   RO          442    .ARM.Collect$$rtentry$$00000000  c_w.l(__rtentry.o)
    0x000002ec   0x000002ec   0x00000000   Code   RO          448    .ARM.Collect$$rtentry$$00000002  c_w.l(__rtentry2.o)
    0x000002ec   0x000002ec   0x00000006   Code   RO          460    .ARM.Collect$$rtentry$$00000004  c_w.l(__rtentry4.o)
    0x000002f2   0x000002f2   0x00000000   Code   RO          450    .ARM.Collect$$rtentry$$00000009  c_w.l(__rtentry2.o)
    0x000002f2   0x000002f2   0x00000004   Code   RO          451    .ARM.Collect$$rtentry$$0000000A  c_w.l(__rtentry2.o)
    0x000002f6   0x000002f6   0x00000000   Code   RO          453    .ARM.Collect$$rtentry$$0000000C  c_w.l(__rtentry2.o)
    0x000002f6   0x000002f6   0x00000008   Code   RO          454    .ARM.Collect$$rtentry$$0000000D  c_w.l(__rtentry2.o)
    0x000002fe   0x000002fe   0x00000002   Code   RO          475    .ARM.Collect$$rtexit$$00000000  c_w.l(rtexit.o)
    0x00000300   0x00000300   0x00000000   Code   RO          525    .ARM.Collect$$rtexit$$00000002  c_w.l(rtexit2.o)
    0x00000300   0x00000300   0x00000004   Code   RO          526    .ARM.Collect$$rtexit$$00000003  c_w.l(rtexit2.o)
    0x00000304   0x00000304   0x00000006   Code   RO          527    .ARM.Collect$$rtexit$$00000004  c_w.l(rtexit2.o)
    0x0000030a   0x0000030a   0x00000002   PAD
    0x0000030c   0x0000030c   0x00000114   Code   RO           62  * .text               startup_tm4c123.o
    0x00000420   0x00000420   0x0000008a   Code   RO          434    .text               c_w.l(rt_memcpy_v6.o)
    0x000004aa   0x000004aa   0x00000044   Code   RO          436    .text               c_w.l(rt_memclr.o)
    0x000004ee   0x000004ee   0x00000006   Code   RO          438    .text               c_w.l(heapauxi.o)
    0x000004f4   0x000004f4   0x00000064   Code   RO          443    .text               c_w.l(rt_memcpy_w.o)
    0x00000558   0x00000558   0x0000004e   Code   RO          445    .text               c_w.l(rt_memclr_w.o)
    0x000005a6   0x000005a6   0x0000004a   Code   RO          462    .text               c_w.l(sys_stackheap_outer.o)
    0x000005f0   0x000005f0   0x00000012   Code   RO          464    .text               c_w.l(exit.o)
    0x00000602   0x00000602   0x00000002   PAD
    0x00000604   0x00000604   0x00000008   Code   RO          472    .text               c_w.l(libspace.o)
    0x0000060c   0x0000060c   0x0000000c   Code   RO          535    .text               c_w.l(sys_exit.o)
    0x00000618   0x00000618   0x00000002   Code   RO          550    .text               c_w.l(use_no_semi.o)
    0x0000061a   0x0000061a   0x00000000   Code   RO          552    .text               c_w.l(indicate_semi.o)
    0x0000061a   0x0000061a   0x00000002   PAD
    0x0000061c   0x0000061c   0x00000084   Code   RO           16    .text.GPIOA_Handler  main.o
    0x000006a0   0x000006a0   0x00000052   Code   RO           20    .text.GPIOB_Handler  main.o
    0x000006f2   0x000006f2   0x00000002   PAD
    0x000006f4   0x000006f4   0x00000066   Code   RO           18    .text.GPIOD_Handler  main.o
    0x0000075a   0x0000075a   0x00000006   PAD
    0x00000760   0x00000760   0x00000064   Code   RO          121    .text.PendSV_Handler  port.o
    0x000007c4   0x000007c4   0x000000ac   Code   RO           45    .text.PortA_Init    init.o
    0x00000870   0x00000870   0x0000009e   Code   RO           51    .text.PortB_Init    init.o
    0x0000090e   0x0000090e   0x00000002   PAD
    0x00000910   0x00000910   0x0000008e   Code   RO           49    .text.PortD_Init    init.o
    0x0000099e   0x0000099e   0x00000002   PAD
    0x000009a0   0x000009a0   0x0000004c   Code   RO           41    .text.PortE_Init    init.o
    0x000009ec   0x000009ec   0x00000096   Code   RO           43    .text.PortF_Init    init.o
    0x00000a82   0x00000a82   0x0000000e   PAD
    0x00000a90   0x00000a90   0x00000024   Code   RO          105    .text.SVC_Handler   port.o
    0x00000ab4   0x00000ab4   0x0000003c   Code   RO          123    .text.SysTick_Handler  port.o
    0x00000af0   0x00000af0   0x00000012   Code   RO           73    .text.SystemInit    system_tm4c123.o
    0x00000b02   0x00000b02   0x00000002   PAD
    0x00000b04   0x00000b04   0x00000030   Code   RO           47    .text.__NVIC_EnableIRQ  init.o
    0x00000b34   0x00000b34   0x0000000e   Code   RO            4    .text.down          main.o
    0x00000b42   0x00000b42   0x00000002   PAD
    0x00000b44   0x00000b44   0x000000fc   Code   RO           10    .text.driver        main.o
    0x00000c40   0x00000c40   0x00000120   Code   RO           22    .text.main          main.o
    0x00000d60   0x00000d60   0x000000fe   Code   RO           12    .text.passenger     main.o
    0x00000e5e   0x00000e5e   0x00000002   PAD
    0x00000e60   0x00000e60   0x0000011a   Code   RO          248    .text.prvAddCurrentTaskToDelayedList  tasks.o
    0x00000f7a   0x00000f7a   0x00000002   PAD
    0x00000f7c   0x00000f7c   0x0000014e   Code   RO          236    .text.prvAddNewTaskToReadyList  tasks.o
    0x000010ca   0x000010ca   0x00000002   PAD
    0x000010cc   0x000010cc   0x0000006a   Code   RO          372    .text.prvCheckForValidListAndQueue  timers.o
    0x00001136   0x00001136   0x00000002   PAD
    0x00001138   0x00001138   0x0000005a   Code   RO          338    .text.prvCheckTasksWaitingTermination  tasks.o
    0x00001192   0x00001192   0x00000002   PAD
    0x00001194   0x00001194   0x00000042   Code   RO          189    .text.prvCopyDataFromQueue  queue.o
    0x000011d6   0x000011d6   0x00000002   PAD
    0x000011d8   0x000011d8   0x000000cc   Code   RO          175    .text.prvCopyDataToQueue  queue.o
    0x000012a4   0x000012a4   0x00000018   Code   RO          242    .text.prvDeleteTCB  tasks.o
    0x000012bc   0x000012bc   0x00000026   Code   RO          193    .text.prvGetDisinheritPriorityAfterTimeout  queue.o
    0x000012e2   0x000012e2   0x00000002   PAD
    0x000012e4   0x000012e4   0x00000040   Code   RO          402    .text.prvGetNextExpireTime  timers.o
    0x00001324   0x00001324   0x00000038   Code   RO          274    .text.prvIdleTask   tasks.o
    0x0000135c   0x0000135c   0x0000002c   Code   RO          163    .text.prvInitialiseMutex  queue.o
    0x00001388   0x00001388   0x00000044   Code   RO          159    .text.prvInitialiseNewQueue  queue.o
    0x000013cc   0x000013cc   0x00000116   Code   RO          234    .text.prvInitialiseNewTask  tasks.o
    0x000014e2   0x000014e2   0x00000002   PAD
    0x000014e4   0x000014e4   0x0000008e   Code   RO          336    .text.prvInitialiseTaskLists  tasks.o
    0x00001572   0x00001572   0x00000002   PAD
    0x00001574   0x00001574   0x00000086   Code   RO          416    .text.prvInsertTimerInActiveList  timers.o
    0x000015fa   0x000015fa   0x00000002   PAD
    0x000015fc   0x000015fc   0x00000028   Code   RO          191    .text.prvIsQueueEmpty  queue.o
    0x00001624   0x00001624   0x0000002e   Code   RO          179    .text.prvIsQueueFull  queue.o
    0x00001652   0x00001652   0x00000002   PAD
    0x00001654   0x00001654   0x000000ec   Code   RO          177    .text.prvNotifyQueueSetContainer  queue.o
    0x00001740   0x00001740   0x00000028   Code   RO          113    .text.prvPortStartFirstTask  port.o
    0x00001768   0x00001768   0x00000054   Code   RO          410    .text.prvProcessExpiredTimer  timers.o
    0x000017bc   0x000017bc   0x00000146   Code   RO          406    .text.prvProcessReceivedCommands  timers.o
    0x00001902   0x00001902   0x00000002   PAD
    0x00001904   0x00001904   0x0000009a   Code   RO          404    .text.prvProcessTimerOrBlockTask  timers.o
    0x0000199e   0x0000199e   0x00000002   PAD
    0x000019a0   0x000019a0   0x00000034   Code   RO          414    .text.prvReloadTimer  timers.o
    0x000019d4   0x000019d4   0x0000003c   Code   RO          240    .text.prvResetNextTaskUnblockTime  tasks.o
    0x00001a10   0x00001a10   0x00000044   Code   RO          408    .text.prvSampleTimeNow  timers.o
    0x00001a54   0x00001a54   0x00000052   Code   RO          412    .text.prvSwitchTimerLists  timers.o
    0x00001aa6   0x00001aa6   0x00000002   PAD
    0x00001aa8   0x00001aa8   0x0000004c   Code   RO          103    .text.prvTaskExitError  port.o
    0x00001af4   0x00001af4   0x0000001e   Code   RO          374    .text.prvTimerTask  timers.o
    0x00001b12   0x00001b12   0x00000002   PAD
    0x00001b14   0x00001b14   0x000000cc   Code   RO          181    .text.prvUnlockQueue  queue.o
    0x00001be0   0x00001be0   0x000000c0   Code   RO          137    .text.pvPortMalloc  heap_1.o
    0x00001ca0   0x00001ca0   0x0000002c   Code   RO          320    .text.pvTaskIncrementMutexHeldCount  tasks.o
    0x00001ccc   0x00001ccc   0x0000005e   Code   RO          101    .text.pxPortInitialiseStack  port.o
    0x00001d2a   0x00001d2a   0x00000002   PAD
    0x00001d2c   0x00001d2c   0x000000c8   Code   RO            8    .text.readDriver    main.o
    0x00001df4   0x00001df4   0x000000ee   Code   RO           14    .text.readPassenger  main.o
    0x00001ee2   0x00001ee2   0x00000002   PAD
    0x00001ee4   0x00001ee4   0x0000000e   Code   RO            6    .text.stop          main.o
    0x00001ef2   0x00001ef2   0x00000002   PAD
    0x00001ef4   0x00001ef4   0x0000000e   Code   RO            2    .text.up            main.o
    0x00001f02   0x00001f02   0x00000002   PAD
    0x00001f04   0x00001f04   0x00000048   Code   RO           92    .text.uxListRemove  list.o
    0x00001f4c   0x00001f4c   0x0000000c   Code   RO          284    .text.uxTaskGetNumberOfTasks  tasks.o
    0x00001f58   0x00001f58   0x0000002e   Code   RO           84    .text.vListInitialise  list.o
    0x00001f86   0x00001f86   0x00000002   PAD
    0x00001f88   0x00001f88   0x0000000e   Code   RO           86    .text.vListInitialiseItem  list.o
    0x00001f96   0x00001f96   0x00000002   PAD
    0x00001f98   0x00001f98   0x0000006a   Code   RO           90    .text.vListInsert   list.o
    0x00002002   0x00002002   0x00000002   PAD
    0x00002004   0x00002004   0x00000014   Code   RO          111    .text.vPortEnableVFP  port.o
    0x00002018   0x00002018   0x00000056   Code   RO          117    .text.vPortEnterCritical  port.o
    0x0000206e   0x0000206e   0x00000002   PAD
    0x00002070   0x00002070   0x0000004a   Code   RO          119    .text.vPortExitCritical  port.o
    0x000020ba   0x000020ba   0x00000002   PAD
    0x000020bc   0x000020bc   0x00000024   Code   RO          139    .text.vPortFree     heap_1.o
    0x000020e0   0x000020e0   0x00000032   Code   RO          109    .text.vPortSetupTimerInterrupt  port.o
    0x00002112   0x00002112   0x00000002   PAD
    0x00002114   0x00002114   0x00000084   Code   RO          125    .text.vPortValidateInterruptPriority  port.o
    0x00002198   0x00002198   0x00000064   Code   RO          213    .text.vQueueWaitForMessageRestricted  queue.o
    0x000021fc   0x000021fc   0x0000006e   Code   RO          252    .text.vTaskDelay    tasks.o
    0x0000226a   0x0000226a   0x00000002   PAD
    0x0000226c   0x0000226c   0x00000024   Code   RO          302    .text.vTaskInternalSetTimeOutState  tasks.o
    0x00002290   0x00002290   0x0000000e   Code   RO          306    .text.vTaskMissedYield  tasks.o
    0x0000229e   0x0000229e   0x00000002   PAD
    0x000022a0   0x000022a0   0x00000042   Code   RO          290    .text.vTaskPlaceOnEventList  tasks.o
    0x000022e2   0x000022e2   0x00000002   PAD
    0x000022e4   0x000022e4   0x0000007c   Code   RO          294    .text.vTaskPlaceOnEventListRestricted  tasks.o
    0x00002360   0x00002360   0x00000182   Code   RO          316    .text.vTaskPriorityDisinheritAfterTimeout  tasks.o
    0x000024e2   0x000024e2   0x00000002   PAD
    0x000024e4   0x000024e4   0x000000b2   Code   RO          272    .text.vTaskStartScheduler  tasks.o
    0x00002596   0x00002596   0x00000002   PAD
    0x00002598   0x00002598   0x00000010   Code   RO          246    .text.vTaskSuspendAll  tasks.o
    0x000025a8   0x000025a8   0x000000be   Code   RO          264    .text.vTaskSwitchContext  tasks.o
    0x00002666   0x00002666   0x00000002   PAD
    0x00002668   0x00002668   0x0000017c   Code   RO          107    .text.xPortStartScheduler  port.o
    0x000027e4   0x000027e4   0x00000026   Code   RO          161    .text.xQueueCreateMutex  queue.o
    0x0000280a   0x0000280a   0x00000002   PAD
    0x0000280c   0x0000280c   0x0000009a   Code   RO          157    .text.xQueueGenericCreate  queue.o
    0x000028a6   0x000028a6   0x00000002   PAD
    0x000028a8   0x000028a8   0x00000108   Code   RO          155    .text.xQueueGenericReset  queue.o
    0x000029b0   0x000029b0   0x00000274   Code   RO          167    .text.xQueueGenericSend  queue.o
    0x00002c24   0x00002c24   0x00000182   Code   RO          185    .text.xQueueGiveFromISR  queue.o
    0x00002da6   0x00002da6   0x00000002   PAD
    0x00002da8   0x00002da8   0x000001dc   Code   RO          187    .text.xQueueReceive  queue.o
    0x00002f84   0x00002f84   0x00000210   Code   RO          171    .text.xQueueSemaphoreTake  queue.o
    0x00003194   0x00003194   0x000000d2   Code   RO          304    .text.xTaskCheckForTimeOut  tasks.o
    0x00003266   0x00003266   0x00000002   PAD
    0x00003268   0x00003268   0x000000a0   Code   RO          232    .text.xTaskCreate   tasks.o
    0x00003308   0x00003308   0x00000038   Code   RO          310    .text.xTaskGetSchedulerState  tasks.o
    0x00003340   0x00003340   0x00000014   Code   RO          280    .text.xTaskGetTickCount  tasks.o
    0x00003354   0x00003354   0x00000260   Code   RO          278    .text.xTaskIncrementTick  tasks.o
    0x000035b4   0x000035b4   0x00000138   Code   RO          314    .text.xTaskPriorityDisinherit  tasks.o
    0x000036ec   0x000036ec   0x0000015c   Code   RO          312    .text.xTaskPriorityInherit  tasks.o
    0x00003848   0x00003848   0x0000018c   Code   RO          296    .text.xTaskRemoveFromEventList  tasks.o
    0x000039d4   0x000039d4   0x00000222   Code   RO          250    .text.xTaskResumeAll  tasks.o
    0x00003bf6   0x00003bf6   0x00000002   PAD
    0x00003bf8   0x00003bf8   0x0000006c   Code   RO          370    .text.xTimerCreateTimerTask  timers.o
    0x00003c64   0x00003c64   0x0000001a   Code   RO          533    x$fpl$fpinit        fz_wm.l(fpinit.o)
    0x00003c7e   0x00003c7e   0x00000018   Data   RO           31    .rodata.str1.1      main.o
    0x00003c96   0x00003c96   0x00000005   Data   RO          356    .rodata.str1.1      tasks.o
    0x00003c9b   0x00003c9b   0x00000008   Data   RO          419    .rodata.str1.1      timers.o
    0x00003ca3   0x00003ca3   0x00000001   PAD
    0x00003ca4   0x00003ca4   0x00000004   Data   RO          341    .rodata.uxTopUsedPriority  tasks.o
    0x00003ca8   0x00003ca8   0x00000020   Data   RO          608    Region$$Table       anon$$obj.o


    Execution Region ER_RW (Exec base: 0x20000000, Load base: 0x00003cc8, Size: 0x00000008, Max: 0xffffffff, ABSOLUTE)

    Exec Addr    Load Addr    Size         Type   Attr      Idx    E Section Name        Object

    0x20000000   0x00003cc8   0x00000004   Data   RW           75    .data.SystemCoreClock  system_tm4c123.o
    0x20000004   0x00003ccc   0x00000004   Data   RW          129    .data.uxCriticalNesting  port.o


    Execution Region ER_ZI (Exec base: 0x20000008, Load base: 0x00003cd0, Size: 0x00001490, Max: 0xffffffff, ABSOLUTE)

    Exec Addr    Load Addr    Size         Type   Attr      Idx    E Section Name        Object

    0x20000008        -       0x00000060   Zero   RW          473    .bss                c_w.l(libspace.o)
    0x20000068        -       0x00000001   Zero   RW           24    .bss.automatic      main.o
    0x20000069        -       0x00000001   Zero   RW           29    .bss.child          main.o
    0x2000006a   0x00003cd0   0x00000002   PAD
    0x2000006c        -       0x00000004   Zero   RW          423    .bss.prvSampleTimeNow.xLastTime  timers.o
    0x20000070        -       0x00000004   Zero   RW          145    .bss.pvPortMalloc.pucAlignedHeap  heap_1.o
    0x20000074        -       0x00000004   Zero   RW          340    .bss.pxCurrentTCB   tasks.o
    0x20000078        -       0x00000004   Zero   RW          421    .bss.pxCurrentTimerList  timers.o
    0x2000007c        -       0x00000004   Zero   RW          351    .bss.pxDelayedTaskList  tasks.o
    0x20000080        -       0x00000004   Zero   RW          352    .bss.pxOverflowDelayedTaskList  tasks.o
    0x20000084        -       0x00000004   Zero   RW          422    .bss.pxOverflowTimerList  timers.o
    0x20000088        -       0x0000012c   Zero   RW          342    .bss.pxReadyTasksLists  tasks.o
    0x200001b4        -       0x00001000   Zero   RW          146    .bss.ucHeap         heap_1.o
    0x200011b4        -       0x00000001   Zero   RW          127    .bss.ucMaxSysCallPriority  port.o
    0x200011b5   0x00003cd0   0x00000003   PAD
    0x200011b8        -       0x00000004   Zero   RW          128    .bss.ulMaxPRIGROUPValue  port.o
    0x200011bc        -       0x00000004   Zero   RW          347    .bss.uxCurrentNumberOfTasks  tasks.o
    0x200011c0        -       0x00000004   Zero   RW          346    .bss.uxDeletedTasksWaitingCleanUp  tasks.o
    0x200011c4        -       0x00000004   Zero   RW          349    .bss.uxSchedulerSuspended  tasks.o
    0x200011c8        -       0x00000004   Zero   RW          344    .bss.uxTaskNumber   tasks.o
    0x200011cc        -       0x00000004   Zero   RW          343    .bss.uxTopReadyPriority  tasks.o
    0x200011d0        -       0x00000014   Zero   RW          424    .bss.xActiveTimerList1  timers.o
    0x200011e4        -       0x00000014   Zero   RW          425    .bss.xActiveTimerList2  timers.o
    0x200011f8        -       0x00000004   Zero   RW           30    .bss.xBinarySemaphore  main.o
    0x200011fc        -       0x00000014   Zero   RW          361    .bss.xDelayedTaskList1  tasks.o
    0x20001210        -       0x00000014   Zero   RW          362    .bss.xDelayedTaskList2  tasks.o
    0x20001224        -       0x00000004   Zero   RW          357    .bss.xIdleTaskHandle  tasks.o
    0x20001228        -       0x00000004   Zero   RW           26    .bss.xMutex         main.o
    0x2000122c        -       0x00000004   Zero   RW          147    .bss.xNextFreeByte  heap_1.o
    0x20001230        -       0x00000004   Zero   RW          358    .bss.xNextTaskUnblockTime  tasks.o
    0x20001234        -       0x00000004   Zero   RW          360    .bss.xNumOfOverflows  tasks.o
    0x20001238        -       0x00000004   Zero   RW          359    .bss.xPendedTicks   tasks.o
    0x2000123c        -       0x00000014   Zero   RW          355    .bss.xPendingReadyList  tasks.o
    0x20001250        -       0x00000004   Zero   RW           25    .bss.xQueue         main.o
    0x20001254        -       0x00000004   Zero   RW           28    .bss.xQueueP        main.o
    0x20001258        -       0x00000004   Zero   RW          348    .bss.xSchedulerRunning  tasks.o
    0x2000125c        -       0x00000004   Zero   RW           27    .bss.xStopSemaphore  main.o
    0x20001260        -       0x00000014   Zero   RW          353    .bss.xSuspendedTaskList  tasks.o
    0x20001274        -       0x00000014   Zero   RW          345    .bss.xTasksWaitingTermination  tasks.o
    0x20001288        -       0x00000004   Zero   RW          350    .bss.xTickCount     tasks.o
    0x2000128c        -       0x00000004   Zero   RW          418    .bss.xTimerQueue    timers.o
    0x20001290        -       0x00000004   Zero   RW          420    .bss.xTimerTaskHandle  timers.o
    0x20001294        -       0x00000004   Zero   RW          354    .bss.xYieldPending  tasks.o
    0x20001298        -       0x00000000   Zero   RW           60    HEAP                startup_tm4c123.o
    0x20001298        -       0x00000200   Zero   RW           59    STACK               startup_tm4c123.o


==============================================================================

Image component sizes


      Code (inc. data)   RO Data    RW Data    ZI Data      Debug   Object Name

       228          0          0          0       4104       1750   heap_1.o
       746          0          0          0          0       8439   init.o
       238          0          0          0          0       2339   list.o
      1590          0         24          0         22       3939   main.o
      1148         16          0          4          5       3977   port.o
      3520          0          0          0          0      16063   queue.o
       276         24        620          0        512       5496   startup_tm4c123.o
        18          0          0          4          0       6632   system_tm4c123.o
      5098          0          9          0        460      22220   tasks.o
      1208         10          8          0         60       8409   timers.o

    ----------------------------------------------------------------------
     14172         50        694          8       5168      79264   Object Totals
         0          0         32          0          0          0   (incl. Generated)
       102          0          1          0          5          0   (incl. Padding)

    ----------------------------------------------------------------------

      Code (inc. data)   RO Data    RW Data    ZI Data      Debug   Library Member Name

         8          0          0          0          0         68   __main.o
         0          0          0          0          0          0   __rtentry.o
        12          0          0          0          0          0   __rtentry2.o
         6          0          0          0          0          0   __rtentry4.o
        52          8          0          0          0          0   __scatter.o
        26          0          0          0          0          0   __scatter_copy.o
        28          0          0          0          0          0   __scatter_zi.o
        18          0          0          0          0         80   exit.o
         6          0          0          0          0        152   heapauxi.o
         0          0          0          0          0          0   indicate_semi.o
         2          0          0          0          0          0   libinit.o
         6          0          0          0          0          0   libinit2.o
         2          0          0          0          0          0   libshutdown.o
         2          0          0          0          0          0   libshutdown2.o
         8          4          0          0         96         68   libspace.o
        68          0          0          0          0         68   rt_memclr.o
        78          0          0          0          0         80   rt_memclr_w.o
       138          0          0          0          0         68   rt_memcpy_v6.o
       100          0          0          0          0         80   rt_memcpy_w.o
         2          0          0          0          0          0   rtexit.o
        10          0          0          0          0          0   rtexit2.o
        12          4          0          0          0         68   sys_exit.o
        74          0          0          0          0         80   sys_stackheap_outer.o
         2          0          0          0          0         68   use_no_semi.o
        26          0          0          0          0        116   fpinit.o

    ----------------------------------------------------------------------
       694         16          0          0         96        996   Library Totals
         8          0          0          0          0          0   (incl. Padding)

    ----------------------------------------------------------------------

      Code (inc. data)   RO Data    RW Data    ZI Data      Debug   Library Name

       660         16          0          0         96        880   c_w.l
        26          0          0          0          0        116   fz_wm.l

    ----------------------------------------------------------------------
       694         16          0          0         96        996   Library Totals

    ----------------------------------------------------------------------

==============================================================================


      Code (inc. data)   RO Data    RW Data    ZI Data      Debug   

     14866         66        694          8       5264      79736   Grand Totals
     14866         66        694          8       5264      79736   ELF Image Totals
     14866         66        694          8          0          0   ROM Totals

==============================================================================

    Total RO  Size (Code + RO Data)                15560 (  15.20kB)
    Total RW  Size (RW Data + ZI Data)              5272 (   5.15kB)
    Total ROM Size (Code + RO Data + RW Data)      15568 (  15.20kB)

==============================================================================

